Archive member included to satisfy reference by file (symbol)

Z:/apk/MCUXpressoIDE_25.6.136/ide/plugins/com.nxp.mcuxpresso.tools.win32_25.6.0.202501151204/tools/bin/../lib/gcc/arm-none-eabi/14.2.1/../../../../arm-none-eabi/lib/thumb/v8-m.main+fp/hard\libcr_nohost_nf.a(_cr__main.o)
                              ./startup/startup_mcxn947_cm33_core0.o (__main)
Z:/apk/MCUXpressoIDE_25.6.136/ide/plugins/com.nxp.mcuxpresso.tools.win32_25.6.0.202501151204/tools/bin/../lib/gcc/arm-none-eabi/14.2.1/../../../../arm-none-eabi/lib/thumb/v8-m.main+fp/hard\libcr_c.a(initio.o)
                              Z:/apk/MCUXpressoIDE_25.6.136/ide/plugins/com.nxp.mcuxpresso.tools.win32_25.6.0.202501151204/tools/bin/../lib/gcc/arm-none-eabi/14.2.1/../../../../arm-none-eabi/lib/thumb/v8-m.main+fp/hard\libcr_nohost_nf.a(_cr__main.o) (_initio)
Z:/apk/MCUXpressoIDE_25.6.136/ide/plugins/com.nxp.mcuxpresso.tools.win32_25.6.0.202501151204/tools/bin/../lib/gcc/arm-none-eabi/14.2.1/../../../../arm-none-eabi/lib/thumb/v8-m.main+fp/hard\libcr_c.a(setvbuf.o)
                              Z:/apk/MCUXpressoIDE_25.6.136/ide/plugins/com.nxp.mcuxpresso.tools.win32_25.6.0.202501151204/tools/bin/../lib/gcc/arm-none-eabi/14.2.1/../../../../arm-none-eabi/lib/thumb/v8-m.main+fp/hard\libcr_c.a(initio.o) (setvbuf)
Z:/apk/MCUXpressoIDE_25.6.136/ide/plugins/com.nxp.mcuxpresso.tools.win32_25.6.0.202501151204/tools/bin/../lib/gcc/arm-none-eabi/14.2.1/../../../../arm-none-eabi/lib/thumb/v8-m.main+fp/hard\libcr_c.a(_fdopen.o)
                              Z:/apk/MCUXpressoIDE_25.6.136/ide/plugins/com.nxp.mcuxpresso.tools.win32_25.6.0.202501151204/tools/bin/../lib/gcc/arm-none-eabi/14.2.1/../../../../arm-none-eabi/lib/thumb/v8-m.main+fp/hard\libcr_c.a(initio.o) (_fdopen)
Z:/apk/MCUXpressoIDE_25.6.136/ide/plugins/com.nxp.mcuxpresso.tools.win32_25.6.0.202501151204/tools/bin/../lib/gcc/arm-none-eabi/14.2.1/../../../../arm-none-eabi/lib/thumb/v8-m.main+fp/hard\libcr_c.a(fclose.o)
                              Z:/apk/MCUXpressoIDE_25.6.136/ide/plugins/com.nxp.mcuxpresso.tools.win32_25.6.0.202501151204/tools/bin/../lib/gcc/arm-none-eabi/14.2.1/../../../../arm-none-eabi/lib/thumb/v8-m.main+fp/hard\libcr_c.a(initio.o) (fclose)
Z:/apk/MCUXpressoIDE_25.6.136/ide/plugins/com.nxp.mcuxpresso.tools.win32_25.6.0.202501151204/tools/bin/../lib/gcc/arm-none-eabi/14.2.1/../../../../arm-none-eabi/lib/thumb/v8-m.main+fp/hard\libcr_c.a(fflush.o)
                              Z:/apk/MCUXpressoIDE_25.6.136/ide/plugins/com.nxp.mcuxpresso.tools.win32_25.6.0.202501151204/tools/bin/../lib/gcc/arm-none-eabi/14.2.1/../../../../arm-none-eabi/lib/thumb/v8-m.main+fp/hard\libcr_c.a(fclose.o) (fflush)
Z:/apk/MCUXpressoIDE_25.6.136/ide/plugins/com.nxp.mcuxpresso.tools.win32_25.6.0.202501151204/tools/bin/../lib/gcc/arm-none-eabi/14.2.1/../../../../arm-none-eabi/lib/thumb/v8-m.main+fp/hard\libcr_c.a(fseek.o)
                              Z:/apk/MCUXpressoIDE_25.6.136/ide/plugins/com.nxp.mcuxpresso.tools.win32_25.6.0.202501151204/tools/bin/../lib/gcc/arm-none-eabi/14.2.1/../../../../arm-none-eabi/lib/thumb/v8-m.main+fp/hard\libcr_c.a(_fdopen.o) (fseek)
Z:/apk/MCUXpressoIDE_25.6.136/ide/plugins/com.nxp.mcuxpresso.tools.win32_25.6.0.202501151204/tools/bin/../lib/gcc/arm-none-eabi/14.2.1/../../../../arm-none-eabi/lib/thumb/v8-m.main+fp/hard\libcr_c.a(ftell.o)
                              Z:/apk/MCUXpressoIDE_25.6.136/ide/plugins/com.nxp.mcuxpresso.tools.win32_25.6.0.202501151204/tools/bin/../lib/gcc/arm-none-eabi/14.2.1/../../../../arm-none-eabi/lib/thumb/v8-m.main+fp/hard\libcr_c.a(fseek.o) (ftell)
Z:/apk/MCUXpressoIDE_25.6.136/ide/plugins/com.nxp.mcuxpresso.tools.win32_25.6.0.202501151204/tools/bin/../lib/gcc/arm-none-eabi/14.2.1/../../../../arm-none-eabi/lib/thumb/v8-m.main+fp/hard\libcr_c.a(remove.o)
                              Z:/apk/MCUXpressoIDE_25.6.136/ide/plugins/com.nxp.mcuxpresso.tools.win32_25.6.0.202501151204/tools/bin/../lib/gcc/arm-none-eabi/14.2.1/../../../../arm-none-eabi/lib/thumb/v8-m.main+fp/hard\libcr_c.a(fclose.o) (remove)
Z:/apk/MCUXpressoIDE_25.6.136/ide/plugins/com.nxp.mcuxpresso.tools.win32_25.6.0.202501151204/tools/bin/../lib/gcc/arm-none-eabi/14.2.1/../../../../arm-none-eabi/lib/thumb/v8-m.main+fp/hard\libcr_c.a(strlen.o)
                              Z:/apk/MCUXpressoIDE_25.6.136/ide/plugins/com.nxp.mcuxpresso.tools.win32_25.6.0.202501151204/tools/bin/../lib/gcc/arm-none-eabi/14.2.1/../../../../arm-none-eabi/lib/thumb/v8-m.main+fp/hard\libcr_c.a(remove.o) (strlen)
Z:/apk/MCUXpressoIDE_25.6.136/ide/plugins/com.nxp.mcuxpresso.tools.win32_25.6.0.202501151204/tools/bin/../lib/gcc/arm-none-eabi/14.2.1/../../../../arm-none-eabi/lib/thumb/v8-m.main+fp/hard\libcr_c.a(memset.o)
                              Z:/apk/MCUXpressoIDE_25.6.136/ide/plugins/com.nxp.mcuxpresso.tools.win32_25.6.0.202501151204/tools/bin/../lib/gcc/arm-none-eabi/14.2.1/../../../../arm-none-eabi/lib/thumb/v8-m.main+fp/hard\libcr_c.a(fclose.o) (memset)
[...]
Memory Configuration

Name             Origin             Length             Attributes
PROGRAM_FLASH0   0x00000000         0x00100000         xr
PROGRAM_FLASH1   0x00100000         0x00100000         xr
SRAM             0x20000000         0x00060000         xrw
SRAMX            0x04000000         0x00018000         xrw
SRAMH            0x20060000         0x00008000         xrw
USB_RAM          0x400ba000         0x00001000         xrw
*default*        0x00000000         0xffffffff

Linker script and memory map

LOAD ./startup/boot_multicore_slave.o
LOAD ./startup/startup_mcxn947_cm33_core0.o
LOAD ./source/TP1.o
START GROUP
LOAD Z:/apk/MCUXpressoIDE_25.6.136/ide/plugins/com.nxp.mcuxpresso.tools.win32_25.6.0.202501151204/tools/bin/../lib/gcc/arm-none-eabi/14.2.1/../../../../arm-none-eabi/lib/thumb/v8-m.main+fp/hard\libcr_nohost_nf.a
LOAD Z:/apk/MCUXpressoIDE_25.6.136/ide/plugins/com.nxp.mcuxpresso.tools.win32_25.6.0.202501151204/tools/bin/../lib/gcc/arm-none-eabi/14.2.1/../../../../arm-none-eabi/lib/thumb/v8-m.main+fp/hard\libcr_c.a
LOAD Z:/apk/MCUXpressoIDE_25.6.136/ide/plugins/com.nxp.mcuxpresso.tools.win32_25.6.0.202501151204/tools/bin/../lib/gcc/arm-none-eabi/14.2.1/thumb/v8-m.main+fp/hard\libcr_eabihelpers.a
LOAD Z:/apk/MCUXpressoIDE_25.6.136/ide/plugins/com.nxp.mcuxpresso.tools.win32_25.6.0.202501151204/tools/bin/../lib/gcc/arm-none-eabi/14.2.1/thumb/v8-m.main+fp/hard\libgcc.a
END GROUP
                0x00000000                        __base_PROGRAM_FLASH0 = 0x0
                0x00000000                        __base_Flash = 0x0
                0x00100000                        __top_PROGRAM_FLASH0 = 0x100000
                0x00100000                        __top_Flash = 0x100000
                0x00100000                        __base_PROGRAM_FLASH1 = 0x100000
                0x00100000                        __base_Flash2 = 0x100000
                0x00200000                        __top_PROGRAM_FLASH1 = 0x200000
                0x00200000                        __top_Flash2 = 0x200000
                0x20000000                        __base_SRAM = 0x20000000
                0x20000000                        __base_RAM = 0x20000000
                0x20060000                        __top_SRAM = 0x20060000
                0x20060000                        __top_RAM = 0x20060000
                0x04000000                        __base_SRAMX = 0x4000000
                0x04000000                        __base_RAM2 = 0x4000000
                0x04018000                        __top_SRAMX = 0x4018000
                0x04018000                        __top_RAM2 = 0x4018000
                0x20060000                        __base_SRAMH = 0x20060000
                0x20060000                        __base_RAM3 = 0x20060000
                0x20068000                        __top_SRAMH = 0x20068000
                0x20068000                        __top_RAM3 = 0x20068000
                0x400ba000                        __base_USB_RAM = 0x400ba000
                0x400ba000                        __base_RAM4 = 0x400ba000
                0x400bb000                        __top_USB_RAM = 0x400bb000
                0x400bb000                        __top_RAM4 = 0x400bb000

.text_Flash2    0x00100000        0x0
 FILL mask 0xff
 *(SORT_BY_ALIGNMENT(.text_Flash2))
 *(SORT_BY_ALIGNMENT(.text_PROGRAM_FLASH1))
 *(SORT_BY_ALIGNMENT(.text.$Flash2))
 *(SORT_BY_ALIGNMENT(.text.$PROGRAM_FLASH1))
 *(SORT_BY_ALIGNMENT(.text_Flash2.*))
 *(SORT_BY_ALIGNMENT(.text_PROGRAM_FLASH1.*))
 *(SORT_BY_ALIGNMENT(.text.$Flash2.*))
 *(SORT_BY_ALIGNMENT(.text.$PROGRAM_FLASH1.*))
 *(SORT_BY_ALIGNMENT(.rodata.$Flash2))
 *(SORT_BY_ALIGNMENT(.rodata.$PROGRAM_FLASH1))
 *(SORT_BY_ALIGNMENT(.rodata.$Flash2.*))
 *(SORT_BY_ALIGNMENT(.rodata.$PROGRAM_FLASH1.*))

.text           0x00000000      0xe6c
 FILL mask 0xff
                0x00000000                        __vectors_start__ = ABSOLUTE (.)
 *(SORT_BY_ALIGNMENT(.isr_vector))
 .isr_vector    0x00000000      0x2b0 ./startup/startup_mcxn947_cm33_core0.o
                0x00000000                g_pfnVectors
                0x00000000                __Vectors
                0x000002b0                        . = ALIGN (0x4)
                0x000002b0                        __section_table_start = .
                0x000002b0                        __data_section_table = .
                0x000002b0        0x4 LONG 0xe6c LOADADDR (.data)
                0x000002b4        0x4 LONG 0x20000000 ADDR (.data)
                0x000002b8        0x4 LONG 0x0 SIZEOF (.data)
                0x000002bc        0x4 LONG 0xe6c LOADADDR (.data_RAM2)
                0x000002c0        0x4 LONG 0x4000000 ADDR (.data_RAM2)
                0x000002c4        0x4 LONG 0x0 SIZEOF (.data_RAM2)
                0x000002c8        0x4 LONG 0xe6c LOADADDR (.data_RAM3)
                0x000002cc        0x4 LONG 0x20060000 ADDR (.data_RAM3)
                0x000002d0        0x4 LONG 0x0 SIZEOF (.data_RAM3)
                0x000002d4        0x4 LONG 0xe6c LOADADDR (.data_RAM4)
                0x000002d8        0x4 LONG 0x400ba000 ADDR (.data_RAM4)
                0x000002dc        0x4 LONG 0x0 SIZEOF (.data_RAM4)
                0x000002e0                        __data_section_table_end = .
                0x000002e0                        __bss_section_table = .
                0x000002e0        0x4 LONG 0x20000000 ADDR (.bss)
                0x000002e4        0x4 LONG 0xb8 SIZEOF (.bss)
                0x000002e8        0x4 LONG 0x4000000 ADDR (.bss_RAM2)
                0x000002ec        0x4 LONG 0x0 SIZEOF (.bss_RAM2)
                0x000002f0        0x4 LONG 0x20060000 ADDR (.bss_RAM3)
                0x000002f4        0x4 LONG 0x0 SIZEOF (.bss_RAM3)
                0x000002f8        0x4 LONG 0x400ba000 ADDR (.bss_RAM4)
                0x000002fc        0x4 LONG 0x0 SIZEOF (.bss_RAM4)
                0x00000300                        __bss_section_table_end = .
                0x00000300                        __section_table_end = .
 *(SORT_BY_ALIGNMENT(.after_vectors*))
 .after_vectors.reset
                0x00000300       0x70 ./startup/startup_mcxn947_cm33_core0.o
                0x00000300                ResetISR
 .after_vectors.init_data
                0x00000370       0x1e ./startup/startup_mcxn947_cm33_core0.o
                0x00000370                data_init
 .after_vectors.init_bss
                0x0000038e       0x12 ./startup/startup_mcxn947_cm33_core0.o
                0x0000038e                bss_init
 .after_vectors
                0x000003a0       0x16 ./startup/startup_mcxn947_cm33_core0.o
                0x000003a0                NMI_Handler
                0x000003a2                HardFault_Handler
                0x000003a4                MemManage_Handler
                0x000003a6                BusFault_Handler
                0x000003a8                UsageFault_Handler
                0x000003aa                SecureFault_Handler
                0x000003ac                SVC_Handler
                0x000003ae                DebugMon_Handler
                0x000003b0                PendSV_Handler
                0x000003b2                SysTick_Handler
                0x000003b4                QDC1_HOME_DriverIRQHandler
                0x000003b4                EDMA_0_CH5_DriverIRQHandler
                0x000003b4                EMVSIM0_DriverIRQHandler
                0x000003b4                EDMA_0_CH14_DriverIRQHandler
                0x000003b4                EDMA_1_CH0_DriverIRQHandler
                0x000003b4                USB0_FS_DriverIRQHandler
                0x000003b4                CMC0_DriverIRQHandler
                0x000003b4                EDMA_0_CH15_DriverIRQHandler
                0x000003b4                LPTMR0_DriverIRQHandler
                0x000003b4                EDMA_0_CH2_DriverIRQHandler
                0x000003b4                PKC_ERR_DriverIRQHandler
                0x000003b4                FLEXPWM1_SUBMODULE1_DriverIRQHandler
                0x000003b4                FLEXPWM0_SUBMODULE1_DriverIRQHandler
                0x000003b4                SCG_DriverIRQHandler
                0x000003b4                EDMA_1_CH13_DriverIRQHandler
                0x000003b4                EDMA_1_CH11_DriverIRQHandler
                0x000003b4                FLEXPWM0_RELOAD_ERROR_DriverIRQHandler
                0x000003b4                QDC0_HOME_DriverIRQHandler
                0x000003b4                Reserved167_DriverIRQHandler
                0x000003b4                EDMA_1_CH9_DriverIRQHandler
                0x000003b4                SEC_VIO_DriverIRQHandler
                0x000003b4                LP_FLEXCOMM9_DriverIRQHandler
                0x000003b4                ERM_MULTI_BIT_ERROR_DriverIRQHandler
                0x000003b4                GPIO31_DriverIRQHandler
                0x000003b4                EWM0_DriverIRQHandler
                0x000003b4                PKC_DriverIRQHandler
                0x000003b4                EDMA_0_CH10_DriverIRQHandler
                0x000003b4                USB1_HS_PHY_DriverIRQHandler
                0x000003b4                QDC0_IDX_DriverIRQHandler
                0x000003b4                ELS_DriverIRQHandler
                0x000003b4                Reserved166_DriverIRQHandler
                0x000003b4                EDMA_1_CH2_DriverIRQHandler
                0x000003b4                ETHERNET_DriverIRQHandler
                0x000003b4                QDC1_IDX_DriverIRQHandler
                0x000003b4                EDMA_1_CH14_DriverIRQHandler
                0x000003b4                FLEXPWM1_SUBMODULE3_DriverIRQHandler
                0x000003b4                EDMA_1_CH7_DriverIRQHandler
                0x000003b4                EDMA_1_CH6_DriverIRQHandler
                0x000003b4                DAC1_DriverIRQHandler
                0x000003b4                CTIMER2_DriverIRQHandler
                0x000003b4                I3C0_DriverIRQHandler
                0x000003b4                ITRC0_DriverIRQHandler
                0x000003b4                EDMA_0_CH9_DriverIRQHandler
                0x000003b4                ETB0_DriverIRQHandler
                0x000003b4                Freqme_DriverIRQHandler
                0x000003b4                WWDT1_DriverIRQHandler
                0x000003b4                IntDefaultHandler
                0x000003b4                ELS_ERR_DriverIRQHandler
                0x000003b4                FLEXIO_DriverIRQHandler
                0x000003b4                DAC0_DriverIRQHandler
                0x000003b4                MRT0_DriverIRQHandler
                0x000003b4                UTICK0_DriverIRQHandler
                0x000003b4                FLEXPWM0_SUBMODULE2_DriverIRQHandler
                0x000003b4                GPIO01_DriverIRQHandler
                0x000003b4                EDMA_0_CH3_DriverIRQHandler
                0x000003b4                WWDT0_DriverIRQHandler
                0x000003b4                USDHC0_DriverIRQHandler
                0x000003b4                GPIO00_DriverIRQHandler
                0x000003b4                EDMA_0_CH4_DriverIRQHandler
                0x000003b4                GPIO11_DriverIRQHandler
                0x000003b4                CTIMER4_DriverIRQHandler
                0x000003b4                BSP32_DriverIRQHandler
                0x000003b4                FLEXPWM0_FAULT_DriverIRQHandler
                0x000003b4                EDMA_1_CH1_DriverIRQHandler
                0x000003b4                LP_FLEXCOMM7_DriverIRQHandler
                0x000003b4                SAI1_DriverIRQHandler
                0x000003b4                ERM_SINGLE_BIT_ERROR_DriverIRQHandler
                0x000003b4                GPIO21_DriverIRQHandler
                0x000003b4                FLEXPWM1_FAULT_DriverIRQHandler
                0x000003b4                GPIO30_DriverIRQHandler
                0x000003b4                LP_FLEXCOMM5_DriverIRQHandler
                0x000003b4                CTIMER0_DriverIRQHandler
                0x000003b4                LP_FLEXCOMM2_DriverIRQHandler
                0x000003b4                CTIMER1_DriverIRQHandler
                0x000003b4                QDC0_COMPARE_DriverIRQHandler
                0x000003b4                PINT0_DriverIRQHandler
                0x000003b4                ADC1_DriverIRQHandler
                0x000003b4                PQ_DriverIRQHandler
                0x000003b4                ETHERNET_MACLP_DriverIRQHandler
                0x000003b4                USB0_DCD_DriverIRQHandler
                0x000003b4                EDMA_0_CH11_DriverIRQHandler
                0x000003b4                MAILBOX_DriverIRQHandler
                0x000003b4                WUU_DriverIRQHandler
                0x000003b4                EDMA_0_CH6_DriverIRQHandler
                0x000003b4                CTIMER3_DriverIRQHandler
                0x000003b4                FLEXPWM1_SUBMODULE0_DriverIRQHandler
                0x000003b4                LP_FLEXCOMM3_DriverIRQHandler
                0x000003b4                CDOG1_DriverIRQHandler
                0x000003b4                TSI_OUT_OF_SCAN_DriverIRQHandler
                0x000003b4                EDMA_1_CH4_DriverIRQHandler
                0x000003b4                PUF_DriverIRQHandler
                0x000003b4                SPC_DriverIRQHandler
                0x000003b4                RTC_DriverIRQHandler
                0x000003b4                VBAT0_DriverIRQHandler
                0x000003b4                Reserved65_DriverIRQHandler
                0x000003b4                HSCMP2_DriverIRQHandler
                0x000003b4                EDMA_0_CH0_DriverIRQHandler
                0x000003b4                LP_FLEXCOMM1_DriverIRQHandler
                0x000003b4                EDMA_1_CH5_DriverIRQHandler
                0x000003b4                PDM_EVENT_DriverIRQHandler
                0x000003b4                Reserved80_DriverIRQHandler
                0x000003b4                ETHERNET_PMT_DriverIRQHandler
                0x000003b4                FLEXPWM1_RELOAD_ERROR_DriverIRQHandler
                0x000003b4                FMU0_DriverIRQHandler
                0x000003b4                QDC1_COMPARE_DriverIRQHandler
                0x000003b4                EDMA_0_CH8_DriverIRQHandler
                0x000003b4                LPTMR1_DriverIRQHandler
                0x000003b4                LP_FLEXCOMM6_DriverIRQHandler
                0x000003b4                GPIO40_DriverIRQHandler
                0x000003b4                CTI0_DriverIRQHandler
                0x000003b4                EDMA_1_CH3_DriverIRQHandler
                0x000003b4                EDMA_1_CH15_DriverIRQHandler
                0x000003b4                FLEXPWM1_SUBMODULE2_DriverIRQHandler
                0x000003b4                GPIO20_DriverIRQHandler
                0x000003b4                QDC1_WDG_SAB_DriverIRQHandler
                0x000003b4                EDMA_1_CH8_DriverIRQHandler
                0x000003b4                GDET_DriverIRQHandler
                0x000003b4                PORT_EFT_DriverIRQHandler
                0x000003b4                Reserved85_DriverIRQHandler
                0x000003b4                Reserved81_DriverIRQHandler
                0x000003b4                TSI_END_OF_SCAN_DriverIRQHandler
                0x000003b4                FLEXPWM0_SUBMODULE3_DriverIRQHandler
                0x000003b4                ADC0_DriverIRQHandler
                0x000003b4                OR_DriverIRQHandler
                0x000003b4                EDMA_0_CH13_DriverIRQHandler
                0x000003b4                USB1_HS_DriverIRQHandler
                0x000003b4                EDMA_0_CH1_DriverIRQHandler
                0x000003b4                DAC2_DriverIRQHandler
                0x000003b4                GPIO51_DriverIRQHandler
                0x000003b4                HSCMP0_DriverIRQHandler
                0x000003b4                EDMA_0_CH12_DriverIRQHandler
                0x000003b4                QDC0_WDG_SAB_DriverIRQHandler
                0x000003b4                CDOG0_DriverIRQHandler
                0x000003b4                CAN0_DriverIRQHandler
                0x000003b4                SMARTDMA_DriverIRQHandler
                0x000003b4                SAI0_DriverIRQHandler
                0x000003b4                EMVSIM1_DriverIRQHandler
                0x000003b4                I3C1_DriverIRQHandler
                0x000003b4                EDMA_0_CH7_DriverIRQHandler
                0x000003b4                HSCMP1_DriverIRQHandler
                0x000003b4                EDMA_1_CH10_DriverIRQHandler
                0x000003b4                EDMA_1_CH12_DriverIRQHandler
                0x000003b4                LP_FLEXCOMM8_DriverIRQHandler
                0x000003b4                FLEXSPI0_DriverIRQHandler
                0x000003b4                GPIO50_DriverIRQHandler
                0x000003b4                GPIO10_DriverIRQHandler
                0x000003b4                SCT0_DriverIRQHandler
                0x000003b4                CAN1_DriverIRQHandler
                0x000003b4                PLU_DriverIRQHandler
                0x000003b4                FLEXPWM0_SUBMODULE0_DriverIRQHandler
                0x000003b4                OS_EVENT_DriverIRQHandler
                0x000003b4                LP_FLEXCOMM0_DriverIRQHandler
                0x000003b4                SINC_FILTER_DriverIRQHandler
                0x000003b4                LP_FLEXCOMM4_DriverIRQHandler
                0x000003b4                NPU_DriverIRQHandler
                0x000003b4                GPIO41_DriverIRQHandler
                0x000003b4                SEC_HYPERVISOR_CALL_DriverIRQHandler
 *(SORT_BY_ALIGNMENT(.text*))
 *fill*         0x000003b6        0x2 ff
 .text.main     0x000003b8       0x9c ./source/TP1.o
                0x000003b8                main
 .text._initio  0x00000454       0x78 Z:/apk/MCUXpressoIDE_25.6.136/ide/plugins/com.nxp.mcuxpresso.tools.win32_25.6.0.202501151204/tools/bin/../lib/gcc/arm-none-eabi/14.2.1/../../../../arm-none-eabi/lib/thumb/v8-m.main+fp/hard\libcr_c.a(initio.o)
                0x00000454                _initio
 .text.fflush   0x000004cc       0x3c Z:/apk/MCUXpressoIDE_25.6.136/ide/plugins/com.nxp.mcuxpresso.tools.win32_25.6.0.202501151204/tools/bin/../lib/gcc/arm-none-eabi/14.2.1/../../../../arm-none-eabi/lib/thumb/v8-m.main+fp/hard\libcr_c.a(fflush.o)
                0x000004cc                fflush
 .text.fseek    0x00000508       0xf8 Z:/apk/MCUXpressoIDE_25.6.136/ide/plugins/com.nxp.mcuxpresso.tools.win32_25.6.0.202501151204/tools/bin/../lib/gcc/arm-none-eabi/14.2.1/../../../../arm-none-eabi/lib/thumb/v8-m.main+fp/hard\libcr_c.a(fseek.o)
                0x00000508                fseek
 .text.ftell    0x00000600       0x44 Z:/apk/MCUXpressoIDE_25.6.136/ide/plugins/com.nxp.mcuxpresso.tools.win32_25.6.0.202501151204/tools/bin/../lib/gcc/arm-none-eabi/14.2.1/../../../../arm-none-eabi/lib/thumb/v8-m.main+fp/hard\libcr_c.a(ftell.o)
                0x00000600                ftell
 .text._Cwritebuf
                0x00000644       0x70 Z:/apk/MCUXpressoIDE_25.6.136/ide/plugins/com.nxp.mcuxpresso.tools.win32_25.6.0.202501151204/tools/bin/../lib/gcc/arm-none-eabi/14.2.1/../../../../arm-none-eabi/lib/thumb/v8-m.main+fp/hard\libcr_c.a(_writebuf.o)
                0x00000644                _Cwritebuf
 .text.OR_IRQHandler
                0x000006b4        0x8 ./startup/startup_mcxn947_cm33_core0.o
                0x000006b4                OR_IRQHandler
 .text.EDMA_0_CH0_IRQHandler
                0x000006bc        0x8 ./startup/startup_mcxn947_cm33_core0.o
                0x000006bc                EDMA_0_CH0_IRQHandler
 .text.EDMA_0_CH1_IRQHandler
                0x000006c4        0x8 ./startup/startup_mcxn947_cm33_core0.o
                0x000006c4                EDMA_0_CH1_IRQHandler
 .text.EDMA_0_CH2_IRQHandler
                0x000006cc        0x8 ./startup/startup_mcxn947_cm33_core0.o
                0x000006cc                EDMA_0_CH2_IRQHandler
 .text.EDMA_0_CH3_IRQHandler
                0x000006d4        0x8 ./startup/startup_mcxn947_cm33_core0.o
                0x000006d4                EDMA_0_CH3_IRQHandler
 .text.EDMA_0_CH4_IRQHandler
                0x000006dc        0x8 ./startup/startup_mcxn947_cm33_core0.o
                0x000006dc                EDMA_0_CH4_IRQHandler
 .text.EDMA_0_CH5_IRQHandler
                0x000006e4        0x8 ./startup/startup_mcxn947_cm33_core0.o
                0x000006e4                EDMA_0_CH5_IRQHandler
 .text.EDMA_0_CH6_IRQHandler
                0x000006ec        0x8 ./startup/startup_mcxn947_cm33_core0.o
                0x000006ec                EDMA_0_CH6_IRQHandler
 .text.EDMA_0_CH7_IRQHandler
                0x000006f4        0x8 ./startup/startup_mcxn947_cm33_core0.o
                0x000006f4                EDMA_0_CH7_IRQHandler
 .text.EDMA_0_CH8_IRQHandler
                0x000006fc        0x8 ./startup/startup_mcxn947_cm33_core0.o
                0x000006fc                EDMA_0_CH8_IRQHandler
 .text.EDMA_0_CH9_IRQHandler
                0x00000704        0x8 ./startup/startup_mcxn947_cm33_core0.o
                0x00000704                EDMA_0_CH9_IRQHandler
 .text.EDMA_0_CH10_IRQHandler
                0x0000070c        0x8 ./startup/startup_mcxn947_cm33_core0.o
                0x0000070c                EDMA_0_CH10_IRQHandler
 .text.EDMA_0_CH11_IRQHandler
                0x00000714        0x8 ./startup/startup_mcxn947_cm33_core0.o
                0x00000714                EDMA_0_CH11_IRQHandler
 .text.EDMA_0_CH12_IRQHandler
                0x0000071c        0x8 ./startup/startup_mcxn947_cm33_core0.o
                0x0000071c                EDMA_0_CH12_IRQHandler
 .text.EDMA_0_CH13_IRQHandler
                0x00000724        0x8 ./startup/startup_mcxn947_cm33_core0.o
                0x00000724                EDMA_0_CH13_IRQHandler
 .text.EDMA_0_CH14_IRQHandler
                0x0000072c        0x8 ./startup/startup_mcxn947_cm33_core0.o
                0x0000072c                EDMA_0_CH14_IRQHandler
 .text.EDMA_0_CH15_IRQHandler
                0x00000734        0x8 ./startup/startup_mcxn947_cm33_core0.o
                0x00000734                EDMA_0_CH15_IRQHandler
 .text.GPIO00_IRQHandler
                0x0000073c        0x8 ./startup/startup_mcxn947_cm33_core0.o
                0x0000073c                GPIO00_IRQHandler
 .text.GPIO01_IRQHandler
                0x00000744        0x8 ./startup/startup_mcxn947_cm33_core0.o
                0x00000744                GPIO01_IRQHandler
 .text.GPIO10_IRQHandler
                0x0000074c        0x8 ./startup/startup_mcxn947_cm33_core0.o
                0x0000074c                GPIO10_IRQHandler
 .text.GPIO11_IRQHandler
                0x00000754        0x8 ./startup/startup_mcxn947_cm33_core0.o
                0x00000754                GPIO11_IRQHandler
 .text.GPIO20_IRQHandler
                0x0000075c        0x8 ./startup/startup_mcxn947_cm33_core0.o
                0x0000075c                GPIO20_IRQHandler
 .text.GPIO21_IRQHandler
                0x00000764        0x8 ./startup/startup_mcxn947_cm33_core0.o
                0x00000764                GPIO21_IRQHandler
 .text.GPIO30_IRQHandler
                0x0000076c        0x8 ./startup/startup_mcxn947_cm33_core0.o
                0x0000076c                GPIO30_IRQHandler
 .text.GPIO31_IRQHandler
                0x00000774        0x8 ./startup/startup_mcxn947_cm33_core0.o
                0x00000774                GPIO31_IRQHandler
 .text.GPIO40_IRQHandler
                0x0000077c        0x8 ./startup/startup_mcxn947_cm33_core0.o
                0x0000077c                GPIO40_IRQHandler
 .text.GPIO41_IRQHandler
                0x00000784        0x8 ./startup/startup_mcxn947_cm33_core0.o
                0x00000784                GPIO41_IRQHandler
 .text.GPIO50_IRQHandler
                0x0000078c        0x8 ./startup/startup_mcxn947_cm33_core0.o
                0x0000078c                GPIO50_IRQHandler
 .text.GPIO51_IRQHandler
                0x00000794        0x8 ./startup/startup_mcxn947_cm33_core0.o
                0x00000794                GPIO51_IRQHandler
 .text.UTICK0_IRQHandler
                0x0000079c        0x8 ./startup/startup_mcxn947_cm33_core0.o
                0x0000079c                UTICK0_IRQHandler
 .text.MRT0_IRQHandler
                0x000007a4        0x8 ./startup/startup_mcxn947_cm33_core0.o
                0x000007a4                MRT0_IRQHandler
 .text.CTIMER0_IRQHandler
                0x000007ac        0x8 ./startup/startup_mcxn947_cm33_core0.o
                0x000007ac                CTIMER0_IRQHandler
 .text.CTIMER1_IRQHandler
                0x000007b4        0x8 ./startup/startup_mcxn947_cm33_core0.o
                0x000007b4                CTIMER1_IRQHandler
 .text.SCT0_IRQHandler
                0x000007bc        0x8 ./startup/startup_mcxn947_cm33_core0.o
                0x000007bc                SCT0_IRQHandler
 .text.CTIMER2_IRQHandler
                0x000007c4        0x8 ./startup/startup_mcxn947_cm33_core0.o
                0x000007c4                CTIMER2_IRQHandler
 .text.LP_FLEXCOMM0_IRQHandler
                0x000007cc        0x8 ./startup/startup_mcxn947_cm33_core0.o
                0x000007cc                LP_FLEXCOMM0_IRQHandler
 .text.LP_FLEXCOMM1_IRQHandler
                0x000007d4        0x8 ./startup/startup_mcxn947_cm33_core0.o
                0x000007d4                LP_FLEXCOMM1_IRQHandler
 .text.LP_FLEXCOMM2_IRQHandler
                0x000007dc        0x8 ./startup/startup_mcxn947_cm33_core0.o
                0x000007dc                LP_FLEXCOMM2_IRQHandler
 .text.LP_FLEXCOMM3_IRQHandler
                0x000007e4        0x8 ./startup/startup_mcxn947_cm33_core0.o
                0x000007e4                LP_FLEXCOMM3_IRQHandler
 .text.LP_FLEXCOMM4_IRQHandler
                0x000007ec        0x8 ./startup/startup_mcxn947_cm33_core0.o
                0x000007ec                LP_FLEXCOMM4_IRQHandler
 .text.LP_FLEXCOMM5_IRQHandler
                0x000007f4        0x8 ./startup/startup_mcxn947_cm33_core0.o
                0x000007f4                LP_FLEXCOMM5_IRQHandler
 .text.LP_FLEXCOMM6_IRQHandler
                0x000007fc        0x8 ./startup/startup_mcxn947_cm33_core0.o
                0x000007fc                LP_FLEXCOMM6_IRQHandler
 .text.LP_FLEXCOMM7_IRQHandler
                0x00000804        0x8 ./startup/startup_mcxn947_cm33_core0.o
                0x00000804                LP_FLEXCOMM7_IRQHandler
 .text.LP_FLEXCOMM8_IRQHandler
                0x0000080c        0x8 ./startup/startup_mcxn947_cm33_core0.o
                0x0000080c                LP_FLEXCOMM8_IRQHandler
 .text.LP_FLEXCOMM9_IRQHandler
                0x00000814        0x8 ./startup/startup_mcxn947_cm33_core0.o
                0x00000814                LP_FLEXCOMM9_IRQHandler
 .text.ADC0_IRQHandler
                0x0000081c        0x8 ./startup/startup_mcxn947_cm33_core0.o
                0x0000081c                ADC0_IRQHandler
 .text.ADC1_IRQHandler
                0x00000824        0x8 ./startup/startup_mcxn947_cm33_core0.o
                0x00000824                ADC1_IRQHandler
 .text.PINT0_IRQHandler
                0x0000082c        0x8 ./startup/startup_mcxn947_cm33_core0.o
                0x0000082c                PINT0_IRQHandler
 .text.PDM_EVENT_IRQHandler
                0x00000834        0x8 ./startup/startup_mcxn947_cm33_core0.o
                0x00000834                PDM_EVENT_IRQHandler
 .text.Reserved65_IRQHandler
                0x0000083c        0x8 ./startup/startup_mcxn947_cm33_core0.o
                0x0000083c                Reserved65_IRQHandler
 .text.USB0_FS_IRQHandler
                0x00000844        0x8 ./startup/startup_mcxn947_cm33_core0.o
                0x00000844                USB0_FS_IRQHandler
 .text.USB0_DCD_IRQHandler
                0x0000084c        0x8 ./startup/startup_mcxn947_cm33_core0.o
                0x0000084c                USB0_DCD_IRQHandler
 .text.RTC_IRQHandler
                0x00000854        0x8 ./startup/startup_mcxn947_cm33_core0.o
                0x00000854                RTC_IRQHandler
 .text.SMARTDMA_IRQHandler
                0x0000085c        0x8 ./startup/startup_mcxn947_cm33_core0.o
                0x0000085c                SMARTDMA_IRQHandler
 .text.MAILBOX_IRQHandler
                0x00000864        0x8 ./startup/startup_mcxn947_cm33_core0.o
                0x00000864                MAILBOX_IRQHandler
 .text.CTIMER3_IRQHandler
                0x0000086c        0x8 ./startup/startup_mcxn947_cm33_core0.o
                0x0000086c                CTIMER3_IRQHandler
 .text.CTIMER4_IRQHandler
                0x00000874        0x8 ./startup/startup_mcxn947_cm33_core0.o
                0x00000874                CTIMER4_IRQHandler
 .text.OS_EVENT_IRQHandler
                0x0000087c        0x8 ./startup/startup_mcxn947_cm33_core0.o
                0x0000087c                OS_EVENT_IRQHandler
 .text.FLEXSPI0_IRQHandler
                0x00000884        0x8 ./startup/startup_mcxn947_cm33_core0.o
                0x00000884                FLEXSPI0_IRQHandler
 .text.SAI0_IRQHandler
                0x0000088c        0x8 ./startup/startup_mcxn947_cm33_core0.o
                0x0000088c                SAI0_IRQHandler
 .text.SAI1_IRQHandler
                0x00000894        0x8 ./startup/startup_mcxn947_cm33_core0.o
                0x00000894                SAI1_IRQHandler
 .text.USDHC0_IRQHandler
                0x0000089c        0x8 ./startup/startup_mcxn947_cm33_core0.o
                0x0000089c                USDHC0_IRQHandler
 .text.CAN0_IRQHandler
                0x000008a4        0x8 ./startup/startup_mcxn947_cm33_core0.o
                0x000008a4                CAN0_IRQHandler
 .text.CAN1_IRQHandler
                0x000008ac        0x8 ./startup/startup_mcxn947_cm33_core0.o
                0x000008ac                CAN1_IRQHandler
 .text.Reserved80_IRQHandler
                0x000008b4        0x8 ./startup/startup_mcxn947_cm33_core0.o
                0x000008b4                Reserved80_IRQHandler
 .text.Reserved81_IRQHandler
                0x000008bc        0x8 ./startup/startup_mcxn947_cm33_core0.o
                0x000008bc                Reserved81_IRQHandler
 .text.USB1_HS_PHY_IRQHandler
                0x000008c4        0x8 ./startup/startup_mcxn947_cm33_core0.o
                0x000008c4                USB1_HS_PHY_IRQHandler
 .text.USB1_HS_IRQHandler
                0x000008cc        0x8 ./startup/startup_mcxn947_cm33_core0.o
                0x000008cc                USB1_HS_IRQHandler
 .text.SEC_HYPERVISOR_CALL_IRQHandler
                0x000008d4        0x8 ./startup/startup_mcxn947_cm33_core0.o
                0x000008d4                SEC_HYPERVISOR_CALL_IRQHandler
 .text.Reserved85_IRQHandler
                0x000008dc        0x8 ./startup/startup_mcxn947_cm33_core0.o
                0x000008dc                Reserved85_IRQHandler
 .text.PLU_IRQHandler
                0x000008e4        0x8 ./startup/startup_mcxn947_cm33_core0.o
                0x000008e4                PLU_IRQHandler
 .text.Freqme_IRQHandler
                0x000008ec        0x8 ./startup/startup_mcxn947_cm33_core0.o
                0x000008ec                Freqme_IRQHandler
 .text.SEC_VIO_IRQHandler
                0x000008f4        0x8 ./startup/startup_mcxn947_cm33_core0.o
                0x000008f4                SEC_VIO_IRQHandler
 .text.ELS_IRQHandler
                0x000008fc        0x8 ./startup/startup_mcxn947_cm33_core0.o
                0x000008fc                ELS_IRQHandler
 .text.PKC_IRQHandler
                0x00000904        0x8 ./startup/startup_mcxn947_cm33_core0.o
                0x00000904                PKC_IRQHandler
 .text.PUF_IRQHandler
                0x0000090c        0x8 ./startup/startup_mcxn947_cm33_core0.o
                0x0000090c                PUF_IRQHandler
 .text.PQ_IRQHandler
                0x00000914        0x8 ./startup/startup_mcxn947_cm33_core0.o
                0x00000914                PQ_IRQHandler
 .text.EDMA_1_CH0_IRQHandler
                0x0000091c        0x8 ./startup/startup_mcxn947_cm33_core0.o
                0x0000091c                EDMA_1_CH0_IRQHandler
 .text.EDMA_1_CH1_IRQHandler
                0x00000924        0x8 ./startup/startup_mcxn947_cm33_core0.o
                0x00000924                EDMA_1_CH1_IRQHandler
 .text.EDMA_1_CH2_IRQHandler
                0x0000092c        0x8 ./startup/startup_mcxn947_cm33_core0.o
                0x0000092c                EDMA_1_CH2_IRQHandler
 .text.EDMA_1_CH3_IRQHandler
                0x00000934        0x8 ./startup/startup_mcxn947_cm33_core0.o
                0x00000934                EDMA_1_CH3_IRQHandler
 .text.EDMA_1_CH4_IRQHandler
                0x0000093c        0x8 ./startup/startup_mcxn947_cm33_core0.o
                0x0000093c                EDMA_1_CH4_IRQHandler
 .text.EDMA_1_CH5_IRQHandler
                0x00000944        0x8 ./startup/startup_mcxn947_cm33_core0.o
                0x00000944                EDMA_1_CH5_IRQHandler
 .text.EDMA_1_CH6_IRQHandler
                0x0000094c        0x8 ./startup/startup_mcxn947_cm33_core0.o
                0x0000094c                EDMA_1_CH6_IRQHandler
 .text.EDMA_1_CH7_IRQHandler
                0x00000954        0x8 ./startup/startup_mcxn947_cm33_core0.o
                0x00000954                EDMA_1_CH7_IRQHandler
 .text.EDMA_1_CH8_IRQHandler
                0x0000095c        0x8 ./startup/startup_mcxn947_cm33_core0.o
                0x0000095c                EDMA_1_CH8_IRQHandler
 .text.EDMA_1_CH9_IRQHandler
                0x00000964        0x8 ./startup/startup_mcxn947_cm33_core0.o
                0x00000964                EDMA_1_CH9_IRQHandler
 .text.EDMA_1_CH10_IRQHandler
                0x0000096c        0x8 ./startup/startup_mcxn947_cm33_core0.o
                0x0000096c                EDMA_1_CH10_IRQHandler
 .text.EDMA_1_CH11_IRQHandler
                0x00000974        0x8 ./startup/startup_mcxn947_cm33_core0.o
                0x00000974                EDMA_1_CH11_IRQHandler
 .text.EDMA_1_CH12_IRQHandler
                0x0000097c        0x8 ./startup/startup_mcxn947_cm33_core0.o
                0x0000097c                EDMA_1_CH12_IRQHandler
 .text.EDMA_1_CH13_IRQHandler
                0x00000984        0x8 ./startup/startup_mcxn947_cm33_core0.o
                0x00000984                EDMA_1_CH13_IRQHandler
 .text.EDMA_1_CH14_IRQHandler
                0x0000098c        0x8 ./startup/startup_mcxn947_cm33_core0.o
                0x0000098c                EDMA_1_CH14_IRQHandler
 .text.EDMA_1_CH15_IRQHandler
                0x00000994        0x8 ./startup/startup_mcxn947_cm33_core0.o
                0x00000994                EDMA_1_CH15_IRQHandler
 .text.CDOG0_IRQHandler
                0x0000099c        0x8 ./startup/startup_mcxn947_cm33_core0.o
                0x0000099c                CDOG0_IRQHandler
 .text.CDOG1_IRQHandler
                0x000009a4        0x8 ./startup/startup_mcxn947_cm33_core0.o
                0x000009a4                CDOG1_IRQHandler
 .text.I3C0_IRQHandler
                0x000009ac        0x8 ./startup/startup_mcxn947_cm33_core0.o
                0x000009ac                I3C0_IRQHandler
 .text.I3C1_IRQHandler
                0x000009b4        0x8 ./startup/startup_mcxn947_cm33_core0.o
                0x000009b4                I3C1_IRQHandler
 .text.NPU_IRQHandler
                0x000009bc        0x8 ./startup/startup_mcxn947_cm33_core0.o
                0x000009bc                NPU_IRQHandler
 .text.GDET_IRQHandler
                0x000009c4        0x8 ./startup/startup_mcxn947_cm33_core0.o
                0x000009c4                GDET_IRQHandler
 .text.VBAT0_IRQHandler
                0x000009cc        0x8 ./startup/startup_mcxn947_cm33_core0.o
                0x000009cc                VBAT0_IRQHandler
 .text.EWM0_IRQHandler
                0x000009d4        0x8 ./startup/startup_mcxn947_cm33_core0.o
                0x000009d4                EWM0_IRQHandler
 .text.TSI_END_OF_SCAN_IRQHandler
                0x000009dc        0x8 ./startup/startup_mcxn947_cm33_core0.o
                0x000009dc                TSI_END_OF_SCAN_IRQHandler
 .text.TSI_OUT_OF_SCAN_IRQHandler
                0x000009e4        0x8 ./startup/startup_mcxn947_cm33_core0.o
                0x000009e4                TSI_OUT_OF_SCAN_IRQHandler
 .text.EMVSIM0_IRQHandler
                0x000009ec        0x8 ./startup/startup_mcxn947_cm33_core0.o
                0x000009ec                EMVSIM0_IRQHandler
 .text.EMVSIM1_IRQHandler
                0x000009f4        0x8 ./startup/startup_mcxn947_cm33_core0.o
                0x000009f4                EMVSIM1_IRQHandler
 .text.FLEXIO_IRQHandler
                0x000009fc        0x8 ./startup/startup_mcxn947_cm33_core0.o
                0x000009fc                FLEXIO_IRQHandler
 .text.DAC0_IRQHandler
                0x00000a04        0x8 ./startup/startup_mcxn947_cm33_core0.o
                0x00000a04                DAC0_IRQHandler
 .text.DAC1_IRQHandler
                0x00000a0c        0x8 ./startup/startup_mcxn947_cm33_core0.o
                0x00000a0c                DAC1_IRQHandler
 .text.DAC2_IRQHandler
                0x00000a14        0x8 ./startup/startup_mcxn947_cm33_core0.o
                0x00000a14                DAC2_IRQHandler
 .text.HSCMP0_IRQHandler
                0x00000a1c        0x8 ./startup/startup_mcxn947_cm33_core0.o
                0x00000a1c                HSCMP0_IRQHandler
 .text.HSCMP1_IRQHandler
                0x00000a24        0x8 ./startup/startup_mcxn947_cm33_core0.o
                0x00000a24                HSCMP1_IRQHandler
 .text.HSCMP2_IRQHandler
                0x00000a2c        0x8 ./startup/startup_mcxn947_cm33_core0.o
                0x00000a2c                HSCMP2_IRQHandler
 .text.FLEXPWM0_RELOAD_ERROR_IRQHandler
                0x00000a34        0x8 ./startup/startup_mcxn947_cm33_core0.o
                0x00000a34                FLEXPWM0_RELOAD_ERROR_IRQHandler
 .text.FLEXPWM0_FAULT_IRQHandler
                0x00000a3c        0x8 ./startup/startup_mcxn947_cm33_core0.o
                0x00000a3c                FLEXPWM0_FAULT_IRQHandler
 .text.FLEXPWM0_SUBMODULE0_IRQHandler
                0x00000a44        0x8 ./startup/startup_mcxn947_cm33_core0.o
                0x00000a44                FLEXPWM0_SUBMODULE0_IRQHandler
 .text.FLEXPWM0_SUBMODULE1_IRQHandler
                0x00000a4c        0x8 ./startup/startup_mcxn947_cm33_core0.o
                0x00000a4c                FLEXPWM0_SUBMODULE1_IRQHandler
 .text.FLEXPWM0_SUBMODULE2_IRQHandler
                0x00000a54        0x8 ./startup/startup_mcxn947_cm33_core0.o
                0x00000a54                FLEXPWM0_SUBMODULE2_IRQHandler
 .text.FLEXPWM0_SUBMODULE3_IRQHandler
                0x00000a5c        0x8 ./startup/startup_mcxn947_cm33_core0.o
                0x00000a5c                FLEXPWM0_SUBMODULE3_IRQHandler
 .text.FLEXPWM1_RELOAD_ERROR_IRQHandler
                0x00000a64        0x8 ./startup/startup_mcxn947_cm33_core0.o
                0x00000a64                FLEXPWM1_RELOAD_ERROR_IRQHandler
 .text.FLEXPWM1_FAULT_IRQHandler
                0x00000a6c        0x8 ./startup/startup_mcxn947_cm33_core0.o
                0x00000a6c                FLEXPWM1_FAULT_IRQHandler
 .text.FLEXPWM1_SUBMODULE0_IRQHandler
                0x00000a74        0x8 ./startup/startup_mcxn947_cm33_core0.o
                0x00000a74                FLEXPWM1_SUBMODULE0_IRQHandler
 .text.FLEXPWM1_SUBMODULE1_IRQHandler
                0x00000a7c        0x8 ./startup/startup_mcxn947_cm33_core0.o
                0x00000a7c                FLEXPWM1_SUBMODULE1_IRQHandler
 .text.FLEXPWM1_SUBMODULE2_IRQHandler
                0x00000a84        0x8 ./startup/startup_mcxn947_cm33_core0.o
                0x00000a84                FLEXPWM1_SUBMODULE2_IRQHandler
 .text.FLEXPWM1_SUBMODULE3_IRQHandler
                0x00000a8c        0x8 ./startup/startup_mcxn947_cm33_core0.o
                0x00000a8c                FLEXPWM1_SUBMODULE3_IRQHandler
 .text.QDC0_COMPARE_IRQHandler
                0x00000a94        0x8 ./startup/startup_mcxn947_cm33_core0.o
                0x00000a94                QDC0_COMPARE_IRQHandler
 .text.QDC0_HOME_IRQHandler
                0x00000a9c        0x8 ./startup/startup_mcxn947_cm33_core0.o
                0x00000a9c                QDC0_HOME_IRQHandler
 .text.QDC0_WDG_SAB_IRQHandler
                0x00000aa4        0x8 ./startup/startup_mcxn947_cm33_core0.o
                0x00000aa4                QDC0_WDG_SAB_IRQHandler
 .text.QDC0_IDX_IRQHandler
                0x00000aac        0x8 ./startup/startup_mcxn947_cm33_core0.o
                0x00000aac                QDC0_IDX_IRQHandler
 .text.QDC1_COMPARE_IRQHandler
                0x00000ab4        0x8 ./startup/startup_mcxn947_cm33_core0.o
                0x00000ab4                QDC1_COMPARE_IRQHandler
 .text.QDC1_HOME_IRQHandler
                0x00000abc        0x8 ./startup/startup_mcxn947_cm33_core0.o
                0x00000abc                QDC1_HOME_IRQHandler
 .text.QDC1_WDG_SAB_IRQHandler
                0x00000ac4        0x8 ./startup/startup_mcxn947_cm33_core0.o
                0x00000ac4                QDC1_WDG_SAB_IRQHandler
 .text.QDC1_IDX_IRQHandler
                0x00000acc        0x8 ./startup/startup_mcxn947_cm33_core0.o
                0x00000acc                QDC1_IDX_IRQHandler
 .text.ITRC0_IRQHandler
                0x00000ad4        0x8 ./startup/startup_mcxn947_cm33_core0.o
                0x00000ad4                ITRC0_IRQHandler
 .text.BSP32_IRQHandler
                0x00000adc        0x8 ./startup/startup_mcxn947_cm33_core0.o
                0x00000adc                BSP32_IRQHandler
 .text.ELS_ERR_IRQHandler
                0x00000ae4        0x8 ./startup/startup_mcxn947_cm33_core0.o
                0x00000ae4                ELS_ERR_IRQHandler
 .text.PKC_ERR_IRQHandler
                0x00000aec        0x8 ./startup/startup_mcxn947_cm33_core0.o
                0x00000aec                PKC_ERR_IRQHandler
 .text.ERM_SINGLE_BIT_ERROR_IRQHandler
                0x00000af4        0x8 ./startup/startup_mcxn947_cm33_core0.o
                0x00000af4                ERM_SINGLE_BIT_ERROR_IRQHandler
 .text.ERM_MULTI_BIT_ERROR_IRQHandler
                0x00000afc        0x8 ./startup/startup_mcxn947_cm33_core0.o
                0x00000afc                ERM_MULTI_BIT_ERROR_IRQHandler
 .text.FMU0_IRQHandler
                0x00000b04        0x8 ./startup/startup_mcxn947_cm33_core0.o
                0x00000b04                FMU0_IRQHandler
 .text.ETHERNET_IRQHandler
                0x00000b0c        0x8 ./startup/startup_mcxn947_cm33_core0.o
                0x00000b0c                ETHERNET_IRQHandler
 .text.ETHERNET_PMT_IRQHandler
                0x00000b14        0x8 ./startup/startup_mcxn947_cm33_core0.o
                0x00000b14                ETHERNET_PMT_IRQHandler
 .text.ETHERNET_MACLP_IRQHandler
                0x00000b1c        0x8 ./startup/startup_mcxn947_cm33_core0.o
                0x00000b1c                ETHERNET_MACLP_IRQHandler
 .text.SINC_FILTER_IRQHandler
                0x00000b24        0x8 ./startup/startup_mcxn947_cm33_core0.o
                0x00000b24                SINC_FILTER_IRQHandler
 .text.LPTMR0_IRQHandler
                0x00000b2c        0x8 ./startup/startup_mcxn947_cm33_core0.o
                0x00000b2c                LPTMR0_IRQHandler
 .text.LPTMR1_IRQHandler
                0x00000b34        0x8 ./startup/startup_mcxn947_cm33_core0.o
                0x00000b34                LPTMR1_IRQHandler
 .text.SCG_IRQHandler
                0x00000b3c        0x8 ./startup/startup_mcxn947_cm33_core0.o
                0x00000b3c                SCG_IRQHandler
 .text.SPC_IRQHandler
                0x00000b44        0x8 ./startup/startup_mcxn947_cm33_core0.o
                0x00000b44                SPC_IRQHandler
 .text.WUU_IRQHandler
                0x00000b4c        0x8 ./startup/startup_mcxn947_cm33_core0.o
                0x00000b4c                WUU_IRQHandler
 .text.PORT_EFT_IRQHandler
                0x00000b54        0x8 ./startup/startup_mcxn947_cm33_core0.o
                0x00000b54                PORT_EFT_IRQHandler
 .text.ETB0_IRQHandler
                0x00000b5c        0x8 ./startup/startup_mcxn947_cm33_core0.o
                0x00000b5c                ETB0_IRQHandler
 .text.Reserved166_IRQHandler
                0x00000b64        0x8 ./startup/startup_mcxn947_cm33_core0.o
                0x00000b64                Reserved166_IRQHandler
 .text.Reserved167_IRQHandler
                0x00000b6c        0x8 ./startup/startup_mcxn947_cm33_core0.o
                0x00000b6c                Reserved167_IRQHandler
 .text.WWDT0_IRQHandler
                0x00000b74        0x8 ./startup/startup_mcxn947_cm33_core0.o
                0x00000b74                WWDT0_IRQHandler
 .text.WWDT1_IRQHandler
                0x00000b7c        0x8 ./startup/startup_mcxn947_cm33_core0.o
                0x00000b7c                WWDT1_IRQHandler
 .text.CMC0_IRQHandler
                0x00000b84        0x8 ./startup/startup_mcxn947_cm33_core0.o
                0x00000b84                CMC0_IRQHandler
 .text.CTI0_IRQHandler
                0x00000b8c        0x8 ./startup/startup_mcxn947_cm33_core0.o
                0x00000b8c                CTI0_IRQHandler
 .text.__main   0x00000b94        0xe Z:/apk/MCUXpressoIDE_25.6.136/ide/plugins/com.nxp.mcuxpresso.tools.win32_25.6.0.202501151204/tools/bin/../lib/gcc/arm-none-eabi/14.2.1/../../../../arm-none-eabi/lib/thumb/v8-m.main+fp/hard\libcr_nohost_nf.a(_cr__main.o)
                0x00000b94                __main
 .text.setvbuf  0x00000ba2       0x3e Z:/apk/MCUXpressoIDE_25.6.136/ide/plugins/com.nxp.mcuxpresso.tools.win32_25.6.0.202501151204/tools/bin/../lib/gcc/arm-none-eabi/14.2.1/../../../../arm-none-eabi/lib/thumb/v8-m.main+fp/hard\libcr_c.a(setvbuf.o)
                0x00000ba2                setvbuf
 .text._fdopen  0x00000be0       0x68 Z:/apk/MCUXpressoIDE_25.6.136/ide/plugins/com.nxp.mcuxpresso.tools.win32_25.6.0.202501151204/tools/bin/../lib/gcc/arm-none-eabi/14.2.1/../../../../arm-none-eabi/lib/thumb/v8-m.main+fp/hard\libcr_c.a(_fdopen.o)
                0x00000be0                _fdopen
 .text.fclose   0x00000c48       0x58 Z:/apk/MCUXpressoIDE_25.6.136/ide/plugins/com.nxp.mcuxpresso.tools.win32_25.6.0.202501151204/tools/bin/../lib/gcc/arm-none-eabi/14.2.1/../../../../arm-none-eabi/lib/thumb/v8-m.main+fp/hard\libcr_c.a(fclose.o)
                0x00000c48                fclose
 .text.remove   0x00000ca0       0x14 Z:/apk/MCUXpressoIDE_25.6.136/ide/plugins/com.nxp.mcuxpresso.tools.win32_25.6.0.202501151204/tools/bin/../lib/gcc/arm-none-eabi/14.2.1/../../../../arm-none-eabi/lib/thumb/v8-m.main+fp/hard\libcr_c.a(remove.o)
                0x00000ca0                remove
 .text.strlen   0x00000cb4       0x4e Z:/apk/MCUXpressoIDE_25.6.136/ide/plugins/com.nxp.mcuxpresso.tools.win32_25.6.0.202501151204/tools/bin/../lib/gcc/arm-none-eabi/14.2.1/../../../../arm-none-eabi/lib/thumb/v8-m.main+fp/hard\libcr_c.a(strlen.o)
                0x00000cb4                strlen
 .text.memset   0x00000d02        0x4 Z:/apk/MCUXpressoIDE_25.6.136/ide/plugins/com.nxp.mcuxpresso.tools.win32_25.6.0.202501151204/tools/bin/../lib/gcc/arm-none-eabi/14.2.1/../../../../arm-none-eabi/lib/thumb/v8-m.main+fp/hard\libcr_c.a(memset.o)
                0x00000d02                memset
 .text._do_fflush
                0x00000d06       0x40 Z:/apk/MCUXpressoIDE_25.6.136/ide/plugins/com.nxp.mcuxpresso.tools.win32_25.6.0.202501151204/tools/bin/../lib/gcc/arm-none-eabi/14.2.1/../../../../arm-none-eabi/lib/thumb/v8-m.main+fp/hard\libcr_c.a(_do_fflush.o)
                0x00000d06                _do_fflush
 .text._fflush  0x00000d46       0x52 Z:/apk/MCUXpressoIDE_25.6.136/ide/plugins/com.nxp.mcuxpresso.tools.win32_25.6.0.202501151204/tools/bin/../lib/gcc/arm-none-eabi/14.2.1/../../../../arm-none-eabi/lib/thumb/v8-m.main+fp/hard\libcr_c.a(_fflush.o)
                0x00000d46                _fflush
 .text.free     0x00000d98       0x30 Z:/apk/MCUXpressoIDE_25.6.136/ide/plugins/com.nxp.mcuxpresso.tools.win32_25.6.0.202501151204/tools/bin/../lib/gcc/arm-none-eabi/14.2.1/../../../../arm-none-eabi/lib/thumb/v8-m.main+fp/hard\libcr_c.a(alloc.o)
                0x00000d98                free
 .text._deferredlazyseek
                0x00000dc8       0x40 Z:/apk/MCUXpressoIDE_25.6.136/ide/plugins/com.nxp.mcuxpresso.tools.win32_25.6.0.202501151204/tools/bin/../lib/gcc/arm-none-eabi/14.2.1/../../../../arm-none-eabi/lib/thumb/v8-m.main+fp/hard\libcr_c.a(_deferredlazyseek.o)
                0x00000dc8                _deferredlazyseek
 .text.__aeabi_memset_lowlevel
                0x00000e08       0x32 Z:/apk/MCUXpressoIDE_25.6.136/ide/plugins/com.nxp.mcuxpresso.tools.win32_25.6.0.202501151204/tools/bin/../lib/gcc/arm-none-eabi/14.2.1/thumb/v8-m.main+fp/hard\libcr_eabihelpers.a(memcpy.o)
                0x00000e08                __aeabi_lowlevel_memset
 .text.__sys_close
                0x00000e3a        0x6 Z:/apk/MCUXpressoIDE_25.6.136/ide/plugins/com.nxp.mcuxpresso.tools.win32_25.6.0.202501151204/tools/bin/../lib/gcc/arm-none-eabi/14.2.1/../../../../arm-none-eabi/lib/thumb/v8-m.main+fp/hard\libcr_nohost_nf.a(__sys_close.o)
                0x00000e3a                __sys_close
 .text.__sys_flen
                0x00000e40        0x6 Z:/apk/MCUXpressoIDE_25.6.136/ide/plugins/com.nxp.mcuxpresso.tools.win32_25.6.0.202501151204/tools/bin/../lib/gcc/arm-none-eabi/14.2.1/../../../../arm-none-eabi/lib/thumb/v8-m.main+fp/hard\libcr_nohost_nf.a(__sys_flen.o)
                0x00000e40                __sys_flen
 .text.__sys_istty
                0x00000e46        0x6 Z:/apk/MCUXpressoIDE_25.6.136/ide/plugins/com.nxp.mcuxpresso.tools.win32_25.6.0.202501151204/tools/bin/../lib/gcc/arm-none-eabi/14.2.1/../../../../arm-none-eabi/lib/thumb/v8-m.main+fp/hard\libcr_nohost_nf.a(__sys_istty.o)
                0x00000e46                __sys_istty
 .text.__sys_remove
                0x00000e4c        0x6 Z:/apk/MCUXpressoIDE_25.6.136/ide/plugins/com.nxp.mcuxpresso.tools.win32_25.6.0.202501151204/tools/bin/../lib/gcc/arm-none-eabi/14.2.1/../../../../arm-none-eabi/lib/thumb/v8-m.main+fp/hard\libcr_nohost_nf.a(__sys_remove.o)
                0x00000e4c                __sys_remove
 .text.__sys_seek
                0x00000e52        0x6 Z:/apk/MCUXpressoIDE_25.6.136/ide/plugins/com.nxp.mcuxpresso.tools.win32_25.6.0.202501151204/tools/bin/../lib/gcc/arm-none-eabi/14.2.1/../../../../arm-none-eabi/lib/thumb/v8-m.main+fp/hard\libcr_nohost_nf.a(__sys_seek.o)
                0x00000e52                __sys_seek
 .text.__sys_tmpnam
                0x00000e58        0x6 Z:/apk/MCUXpressoIDE_25.6.136/ide/plugins/com.nxp.mcuxpresso.tools.win32_25.6.0.202501151204/tools/bin/../lib/gcc/arm-none-eabi/14.2.1/../../../../arm-none-eabi/lib/thumb/v8-m.main+fp/hard\libcr_nohost_nf.a(__sys_tmpnam.o)
                0x00000e58                __sys_tmpnam
 .text.__sys_write
                0x00000e5e        0x4 Z:/apk/MCUXpressoIDE_25.6.136/ide/plugins/com.nxp.mcuxpresso.tools.win32_25.6.0.202501151204/tools/bin/../lib/gcc/arm-none-eabi/14.2.1/../../../../arm-none-eabi/lib/thumb/v8-m.main+fp/hard\libcr_nohost_nf.a(__sys_write.o)
                0x00000e5e                __sys_write
 *(SORT_BY_ALIGNMENT(.rodata) SORT_BY_ALIGNMENT(.rodata.*) SORT_BY_ALIGNMENT(.constdata) SORT_BY_ALIGNMENT(.constdata.*))
 *fill*         0x00000e62        0x2 ff
 .rodata.__num_Ciob_streams
                0x00000e64        0x4 Z:/apk/MCUXpressoIDE_25.6.136/ide/plugins/com.nxp.mcuxpresso.tools.win32_25.6.0.202501151204/tools/bin/../lib/gcc/arm-none-eabi/14.2.1/../../../../arm-none-eabi/lib/thumb/v8-m.main+fp/hard\libcr_nohost_nf.a(__ciob.o)
                0x00000e64                __num_Ciob_streams
 .rodata._initio.str1.1
                0x00000e68        0x4 Z:/apk/MCUXpressoIDE_25.6.136/ide/plugins/com.nxp.mcuxpresso.tools.win32_25.6.0.202501151204/tools/bin/../lib/gcc/arm-none-eabi/14.2.1/../../../../arm-none-eabi/lib/thumb/v8-m.main+fp/hard\libcr_c.a(initio.o)
                0x00000e6c                        . = ALIGN (0x4)

.glue_7         0x00000e6c        0x0
 .glue_7        0x00000e6c        0x0 linker stubs

.glue_7t        0x00000e6c        0x0
 .glue_7t       0x00000e6c        0x0 linker stubs

.vfp11_veneer   0x00000e6c        0x0
 .vfp11_veneer  0x00000e6c        0x0 linker stubs

.v4_bx          0x00000e6c        0x0
 .v4_bx         0x00000e6c        0x0 linker stubs

.iplt           0x00000e6c        0x0
 .iplt          0x00000e6c        0x0 ./startup/startup_mcxn947_cm33_core0.o

.rel.dyn        0x00000e6c        0x0
 .rel.iplt      0x00000e6c        0x0 ./startup/startup_mcxn947_cm33_core0.o

.ARM.extab
 *(SORT_BY_ALIGNMENT(.ARM.extab*) SORT_BY_ALIGNMENT(.gnu.linkonce.armextab.*))

.ARM.exidx      0x00000e6c        0x0
                0x00000e6c                        __exidx_start = .
 *(SORT_BY_ALIGNMENT(.ARM.exidx*) SORT_BY_ALIGNMENT(.gnu.linkonce.armexidx.*))
                0x00000e6c                        __exidx_end = .
                0x00000e6c                        _etext = .

.m_usb_data
 *(SORT_BY_ALIGNMENT(m_usb_global))

.data_RAM2      0x04000000        0x0 load address 0x00000e6c
 FILL mask 0xff
                [!provide]                        PROVIDE (__start_data_RAM2 = .)
                [!provide]                        PROVIDE (__start_data_SRAMX = .)
 *(SORT_BY_ALIGNMENT(.ramfunc.$RAM2))
 *(SORT_BY_ALIGNMENT(.ramfunc.$SRAMX))
 *(SORT_BY_ALIGNMENT(.data.$RAM2))
 *(SORT_BY_ALIGNMENT(.data.$SRAMX))
 *(SORT_BY_ALIGNMENT(.data.$RAM2.*))
 *(SORT_BY_ALIGNMENT(.data.$SRAMX.*))
                0x04000000                        . = ALIGN (0x4)
                [!provide]                        PROVIDE (__end_data_RAM2 = .)
                [!provide]                        PROVIDE (__end_data_SRAMX = .)

.data_RAM3      0x20060000        0x0 load address 0x00000e6c
 FILL mask 0xff
                [!provide]                        PROVIDE (__start_data_RAM3 = .)
                [!provide]                        PROVIDE (__start_data_SRAMH = .)
 *(SORT_BY_ALIGNMENT(.ramfunc.$RAM3))
 *(SORT_BY_ALIGNMENT(.ramfunc.$SRAMH))
 *(SORT_BY_ALIGNMENT(.data.$RAM3))
 *(SORT_BY_ALIGNMENT(.data.$SRAMH))
 *(SORT_BY_ALIGNMENT(.data.$RAM3.*))
 *(SORT_BY_ALIGNMENT(.data.$SRAMH.*))
                0x20060000                        . = ALIGN (0x4)
                [!provide]                        PROVIDE (__end_data_RAM3 = .)
                [!provide]                        PROVIDE (__end_data_SRAMH = .)

.data_RAM4      0x400ba000        0x0 load address 0x00000e6c
 FILL mask 0xff
                [!provide]                        PROVIDE (__start_data_RAM4 = .)
                [!provide]                        PROVIDE (__start_data_USB_RAM = .)
 *(SORT_BY_ALIGNMENT(.ramfunc.$RAM4))
 *(SORT_BY_ALIGNMENT(.ramfunc.$USB_RAM))
 *(SORT_BY_ALIGNMENT(.data.$RAM4))
 *(SORT_BY_ALIGNMENT(.data.$USB_RAM))
 *(SORT_BY_ALIGNMENT(.data.$RAM4.*))
 *(SORT_BY_ALIGNMENT(.data.$USB_RAM.*))
                0x400ba000                        . = ALIGN (0x4)
                [!provide]                        PROVIDE (__end_data_RAM4 = .)
                [!provide]                        PROVIDE (__end_data_USB_RAM = .)

.uninit_RESERVED
                0x20000000        0x0
                0x20000000                        _start_uninit_RESERVED = .
 *(SORT_BY_ALIGNMENT(.bss.$RESERVED*))
                0x20000000                        . = ALIGN (0x4)
                0x20000000                        _end_uninit_RESERVED = .

.data           0x20000000        0x0 load address 0x00000e6c
 FILL mask 0xff
                0x20000000                        _data = .
                [!provide]                        PROVIDE (__start_data_RAM = .)
                [!provide]                        PROVIDE (__start_data_SRAM = .)
 *(SORT_BY_ALIGNMENT(vtable))
 *(SORT_BY_ALIGNMENT(.ramfunc*))
 *(SORT_BY_ALIGNMENT(CodeQuickAccess))
 *(SORT_BY_ALIGNMENT(DataQuickAccess))
 *(SORT_BY_ALIGNMENT(RamFunction))
 *(SORT_BY_ALIGNMENT(.data*))
                0x20000000                        . = ALIGN (0x4)
                0x20000000                        _edata = .
                [!provide]                        PROVIDE (__end_data_RAM = .)
                [!provide]                        PROVIDE (__end_data_SRAM = .)

.igot.plt       0x20000000        0x0 load address 0x00000e6c
 .igot.plt      0x20000000        0x0 ./startup/startup_mcxn947_cm33_core0.o

.bss_RAM2       0x04000000        0x0
                [!provide]                        PROVIDE (__start_bss_RAM2 = .)
                [!provide]                        PROVIDE (__start_bss_SRAMX = .)
 *(SORT_BY_ALIGNMENT(.bss.$RAM2))
 *(SORT_BY_ALIGNMENT(.bss.$SRAMX))
 *(SORT_BY_ALIGNMENT(.bss.$RAM2.*))
 *(SORT_BY_ALIGNMENT(.bss.$SRAMX.*))
                0x04000000                        . = ALIGN ((. != 0x0)?0x4:0x1)
                [!provide]                        PROVIDE (__end_bss_RAM2 = .)
                [!provide]                        PROVIDE (__end_bss_SRAMX = .)

.bss_RAM3       0x20060000        0x0
                [!provide]                        PROVIDE (__start_bss_RAM3 = .)
                [!provide]                        PROVIDE (__start_bss_SRAMH = .)
 *(SORT_BY_ALIGNMENT(.bss.$RAM3))
 *(SORT_BY_ALIGNMENT(.bss.$SRAMH))
 *(SORT_BY_ALIGNMENT(.bss.$RAM3.*))
 *(SORT_BY_ALIGNMENT(.bss.$SRAMH.*))
                0x20060000                        . = ALIGN ((. != 0x0)?0x4:0x1)
                [!provide]                        PROVIDE (__end_bss_RAM3 = .)
                [!provide]                        PROVIDE (__end_bss_SRAMH = .)

.bss_RAM4       0x400ba000        0x0
                [!provide]                        PROVIDE (__start_bss_RAM4 = .)
                [!provide]                        PROVIDE (__start_bss_USB_RAM = .)
 *(SORT_BY_ALIGNMENT(.bss.$RAM4))
 *(SORT_BY_ALIGNMENT(.bss.$USB_RAM))
 *(SORT_BY_ALIGNMENT(.bss.$RAM4.*))
 *(SORT_BY_ALIGNMENT(.bss.$USB_RAM.*))
                0x400ba000                        . = ALIGN ((. != 0x0)?0x4:0x1)
                [!provide]                        PROVIDE (__end_bss_RAM4 = .)
                [!provide]                        PROVIDE (__end_bss_USB_RAM = .)

.bss            0x20000000       0xb8
                0x20000000                        _bss = .
                [!provide]                        PROVIDE (__start_bss_RAM = .)
                [!provide]                        PROVIDE (__start_bss_SRAM = .)
 *(SORT_BY_ALIGNMENT(.bss*))
 .bss.errno     0x20000000        0x4 Z:/apk/MCUXpressoIDE_25.6.136/ide/plugins/com.nxp.mcuxpresso.tools.win32_25.6.0.202501151204/tools/bin/../lib/gcc/arm-none-eabi/14.2.1/../../../../arm-none-eabi/lib/thumb/v8-m.main+fp/hard\libcr_c.a(errno.o)
                0x20000000                errno
 .bss.__Ciob    0x20000004       0xb4 Z:/apk/MCUXpressoIDE_25.6.136/ide/plugins/com.nxp.mcuxpresso.tools.win32_25.6.0.202501151204/tools/bin/../lib/gcc/arm-none-eabi/14.2.1/../../../../arm-none-eabi/lib/thumb/v8-m.main+fp/hard\libcr_nohost_nf.a(__ciob.o)
                0x20000004                __Ciob
 *(SORT_BY_ALIGNMENT(COMMON))
                0x200000b8                        . = ALIGN (0x4)
                0x200000b8                        _ebss = .
                [!provide]                        PROVIDE (__end_bss_RAM = .)
                [!provide]                        PROVIDE (__end_bss_SRAM = .)
                [!provide]                        PROVIDE (end = .)

.noinit_RAM2    0x04000000        0x0
                [!provide]                        PROVIDE (__start_noinit_RAM2 = .)
                [!provide]                        PROVIDE (__start_noinit_SRAMX = .)
 *(SORT_BY_ALIGNMENT(.noinit.$RAM2))
 *(SORT_BY_ALIGNMENT(.noinit.$SRAMX))
 *(SORT_BY_ALIGNMENT(.noinit.$RAM2.*))
 *(SORT_BY_ALIGNMENT(.noinit.$SRAMX.*))
                0x04000000                        . = ALIGN (0x4)
                [!provide]                        PROVIDE (__end_noinit_RAM2 = .)
                [!provide]                        PROVIDE (__end_noinit_SRAMX = .)

.noinit_RAM3    0x20060000        0x0
                [!provide]                        PROVIDE (__start_noinit_RAM3 = .)
                [!provide]                        PROVIDE (__start_noinit_SRAMH = .)
 *(SORT_BY_ALIGNMENT(.noinit.$RAM3))
 *(SORT_BY_ALIGNMENT(.noinit.$SRAMH))
 *(SORT_BY_ALIGNMENT(.noinit.$RAM3.*))
 *(SORT_BY_ALIGNMENT(.noinit.$SRAMH.*))
                0x20060000                        . = ALIGN (0x4)
                [!provide]                        PROVIDE (__end_noinit_RAM3 = .)
                [!provide]                        PROVIDE (__end_noinit_SRAMH = .)

.noinit_RAM4    0x400ba000        0x0
                [!provide]                        PROVIDE (__start_noinit_RAM4 = .)
                [!provide]                        PROVIDE (__start_noinit_USB_RAM = .)
 *(SORT_BY_ALIGNMENT(.noinit.$RAM4))
 *(SORT_BY_ALIGNMENT(.noinit.$USB_RAM))
 *(SORT_BY_ALIGNMENT(.noinit.$RAM4.*))
 *(SORT_BY_ALIGNMENT(.noinit.$USB_RAM.*))
                0x400ba000                        . = ALIGN (0x4)
                [!provide]                        PROVIDE (__end_noinit_RAM4 = .)
                [!provide]                        PROVIDE (__end_noinit_USB_RAM = .)

.noinit         0x200000b8        0x0
                0x200000b8                        _noinit = .
                [!provide]                        PROVIDE (__start_noinit_RAM = .)
                [!provide]                        PROVIDE (__start_noinit_SRAM = .)
 *(SORT_BY_ALIGNMENT(.noinit*))
                0x200000b8                        . = ALIGN (0x4)
                0x200000b8                        _end_noinit = .
                [!provide]                        PROVIDE (__end_noinit_RAM = .)
                [!provide]                        PROVIDE (__end_noinit_SRAM = .)
                0x00001000                        _HeapSize = 0x1000

.heap           0x200000b8     0x1000
                0x200000b8                        _pvHeapStart = .
                0x200010b8                        . = (. + _HeapSize)
 *fill*         0x200000b8     0x1000 
                0x200010b8                        . = ALIGN (0x4)
                0x200010b8                        _pvHeapLimit = .
                0x00001000                        _StackSize = 0x1000

.heap2stackfill
                0x200010b8     0x1000
                0x200020b8                        . = (. + _StackSize)
 *fill*         0x200010b8     0x1000 

.stack          0x2005f000        0x0
                0x2005f000                        _vStackBase = .
                0x2005f000                        . = ALIGN (0x4)
                0x20060000                        _vStackTop = (. + _StackSize)
                0x00000000                        _image_start = LOADADDR (.text)
                0x00000e6c                        _image_end = (LOADADDR (.data) + SIZEOF (.data))
                0x00000e6c                        _image_size = (_image_end - _image_start)
OUTPUT(TP1.axf elf32-littlearm)
LOAD linker stubs

.debug_info     0x00000000     0x3f6a
 .debug_info    0x00000000     0x14b7 ./startup/startup_mcxn947_cm33_core0.o
 .debug_info    0x000014b7      0x134 ./source/TP1.o
 .debug_info    0x000015eb       0x85 Z:/apk/MCUXpressoIDE_25.6.136/ide/plugins/com.nxp.mcuxpresso.tools.win32_25.6.0.202501151204/tools/bin/../lib/gcc/arm-none-eabi/14.2.1/../../../../arm-none-eabi/lib/thumb/v8-m.main+fp/hard\libcr_nohost_nf.a(_cr__main.o)
 .debug_info    0x00001670      0x339 Z:/apk/MCUXpressoIDE_25.6.136/ide/plugins/com.nxp.mcuxpresso.tools.win32_25.6.0.202501151204/tools/bin/../lib/gcc/arm-none-eabi/14.2.1/../../../../arm-none-eabi/lib/thumb/v8-m.main+fp/hard\libcr_c.a(initio.o)
 .debug_info    0x000019a9      0x1fd Z:/apk/MCUXpressoIDE_25.6.136/ide/plugins/com.nxp.mcuxpresso.tools.win32_25.6.0.202501151204/tools/bin/../lib/gcc/arm-none-eabi/14.2.1/../../../../arm-none-eabi/lib/thumb/v8-m.main+fp/hard\libcr_c.a(setvbuf.o)
 .debug_info    0x00001ba6      0x24b Z:/apk/MCUXpressoIDE_25.6.136/ide/plugins/com.nxp.mcuxpresso.tools.win32_25.6.0.202501151204/tools/bin/../lib/gcc/arm-none-eabi/14.2.1/../../../../arm-none-eabi/lib/thumb/v8-m.main+fp/hard\libcr_c.a(_fdopen.o)
 .debug_info    0x00001df1      0x31e Z:/apk/MCUXpressoIDE_25.6.136/ide/plugins/com.nxp.mcuxpresso.tools.win32_25.6.0.202501151204/tools/bin/../lib/gcc/arm-none-eabi/14.2.1/../../../../arm-none-eabi/lib/thumb/v8-m.main+fp/hard\libcr_c.a(fclose.o)
 .debug_info    0x0000210f      0x209 Z:/apk/MCUXpressoIDE_25.6.136/ide/plugins/com.nxp.mcuxpresso.tools.win32_25.6.0.202501151204/tools/bin/../lib/gcc/arm-none-eabi/14.2.1/../../../../arm-none-eabi/lib/thumb/v8-m.main+fp/hard\libcr_c.a(fflush.o)
 .debug_info    0x00002318      0x276 Z:/apk/MCUXpressoIDE_25.6.136/ide/plugins/com.nxp.mcuxpresso.tools.win32_25.6.0.202501151204/tools/bin/../lib/gcc/arm-none-eabi/14.2.1/../../../../arm-none-eabi/lib/thumb/v8-m.main+fp/hard\libcr_c.a(fseek.o)
 .debug_info    0x0000258e      0x197 Z:/apk/MCUXpressoIDE_25.6.136/ide/plugins/com.nxp.mcuxpresso.tools.win32_25.6.0.202501151204/tools/bin/../lib/gcc/arm-none-eabi/14.2.1/../../../../arm-none-eabi/lib/thumb/v8-m.main+fp/hard\libcr_c.a(ftell.o)
 .debug_info    0x00002725      0x1d7 Z:/apk/MCUXpressoIDE_25.6.136/ide/plugins/com.nxp.mcuxpresso.tools.win32_25.6.0.202501151204/tools/bin/../lib/gcc/arm-none-eabi/14.2.1/../../../../arm-none-eabi/lib/thumb/v8-m.main+fp/hard\libcr_c.a(remove.o)
 .debug_info    0x000028fc       0xe1 Z:/apk/MCUXpressoIDE_25.6.136/ide/plugins/com.nxp.mcuxpresso.tools.win32_25.6.0.202501151204/tools/bin/../lib/gcc/arm-none-eabi/14.2.1/../../../../arm-none-eabi/lib/thumb/v8-m.main+fp/hard\libcr_c.a(strlen.o)
 .debug_info    0x000029dd       0xfc Z:/apk/MCUXpressoIDE_25.6.136/ide/plugins/com.nxp.mcuxpresso.tools.win32_25.6.0.202501151204/tools/bin/../lib/gcc/arm-none-eabi/14.2.1/../../../../arm-none-eabi/lib/thumb/v8-m.main+fp/hard\libcr_c.a(memset.o)
 .debug_info    0x00002ad9      0x23a Z:/apk/MCUXpressoIDE_25.6.136/ide/plugins/com.nxp.mcuxpresso.tools.win32_25.6.0.202501151204/tools/bin/../lib/gcc/arm-none-eabi/14.2.1/../../../../arm-none-eabi/lib/thumb/v8-m.main+fp/hard\libcr_c.a(_do_fflush.o)
 .debug_info    0x00002d13      0x1e3 Z:/apk/MCUXpressoIDE_25.6.136/ide/plugins/com.nxp.mcuxpresso.tools.win32_25.6.0.202501151204/tools/bin/../lib/gcc/arm-none-eabi/14.2.1/../../../../arm-none-eabi/lib/thumb/v8-m.main+fp/hard\libcr_c.a(_fflush.o)
 .debug_info    0x00002ef6      0x289 Z:/apk/MCUXpressoIDE_25.6.136/ide/plugins/com.nxp.mcuxpresso.tools.win32_25.6.0.202501151204/tools/bin/../lib/gcc/arm-none-eabi/14.2.1/../../../../arm-none-eabi/lib/thumb/v8-m.main+fp/hard\libcr_c.a(_writebuf.o)
 .debug_info    0x0000317f      0x520 Z:/apk/MCUXpressoIDE_25.6.136/ide/plugins/com.nxp.mcuxpresso.tools.win32_25.6.0.202501151204/tools/bin/../lib/gcc/arm-none-eabi/14.2.1/../../../../arm-none-eabi/lib/thumb/v8-m.main+fp/hard\libcr_c.a(alloc.o)
 .debug_info    0x0000369f       0x44 Z:/apk/MCUXpressoIDE_25.6.136/ide/plugins/com.nxp.mcuxpresso.tools.win32_25.6.0.202501151204/tools/bin/../lib/gcc/arm-none-eabi/14.2.1/../../../../arm-none-eabi/lib/thumb/v8-m.main+fp/hard\libcr_c.a(errno.o)
 .debug_info    0x000036e3      0x396 Z:/apk/MCUXpressoIDE_25.6.136/ide/plugins/com.nxp.mcuxpresso.tools.win32_25.6.0.202501151204/tools/bin/../lib/gcc/arm-none-eabi/14.2.1/../../../../arm-none-eabi/lib/thumb/v8-m.main+fp/hard\libcr_c.a(_deferredlazyseek.o)
 .debug_info    0x00003a79      0x18b Z:/apk/MCUXpressoIDE_25.6.136/ide/plugins/com.nxp.mcuxpresso.tools.win32_25.6.0.202501151204/tools/bin/../lib/gcc/arm-none-eabi/14.2.1/../../../../arm-none-eabi/lib/thumb/v8-m.main+fp/hard\libcr_nohost_nf.a(__ciob.o)
 .debug_info    0x00003c04       0x6a Z:/apk/MCUXpressoIDE_25.6.136/ide/plugins/com.nxp.mcuxpresso.tools.win32_25.6.0.202501151204/tools/bin/../lib/gcc/arm-none-eabi/14.2.1/../../../../arm-none-eabi/lib/thumb/v8-m.main+fp/hard\libcr_nohost_nf.a(__sys_close.o)
 .debug_info    0x00003c6e       0x6a Z:/apk/MCUXpressoIDE_25.6.136/ide/plugins/com.nxp.mcuxpresso.tools.win32_25.6.0.202501151204/tools/bin/../lib/gcc/arm-none-eabi/14.2.1/../../../../arm-none-eabi/lib/thumb/v8-m.main+fp/hard\libcr_nohost_nf.a(__sys_flen.o)
 .debug_info    0x00003cd8       0x6a Z:/apk/MCUXpressoIDE_25.6.136/ide/plugins/com.nxp.mcuxpresso.tools.win32_25.6.0.202501151204/tools/bin/../lib/gcc/arm-none-eabi/14.2.1/../../../../arm-none-eabi/lib/thumb/v8-m.main+fp/hard\libcr_nohost_nf.a(__sys_istty.o)
 .debug_info    0x00003d42       0x8a Z:/apk/MCUXpressoIDE_25.6.136/ide/plugins/com.nxp.mcuxpresso.tools.win32_25.6.0.202501151204/tools/bin/../lib/gcc/arm-none-eabi/14.2.1/../../../../arm-none-eabi/lib/thumb/v8-m.main+fp/hard\libcr_nohost_nf.a(__sys_remove.o)
 .debug_info    0x00003dcc       0x78 Z:/apk/MCUXpressoIDE_25.6.136/ide/plugins/com.nxp.mcuxpresso.tools.win32_25.6.0.202501151204/tools/bin/../lib/gcc/arm-none-eabi/14.2.1/../../../../arm-none-eabi/lib/thumb/v8-m.main+fp/hard\libcr_nohost_nf.a(__sys_seek.o)
 .debug_info    0x00003e44       0x93 Z:/apk/MCUXpressoIDE_25.6.136/ide/plugins/com.nxp.mcuxpresso.tools.win32_25.6.0.202501151204/tools/bin/../lib/gcc/arm-none-eabi/14.2.1/../../../../arm-none-eabi/lib/thumb/v8-m.main+fp/hard\libcr_nohost_nf.a(__sys_tmpnam.o)
 .debug_info    0x00003ed7       0x93 Z:/apk/MCUXpressoIDE_25.6.136/ide/plugins/com.nxp.mcuxpresso.tools.win32_25.6.0.202501151204/tools/bin/../lib/gcc/arm-none-eabi/14.2.1/../../../../arm-none-eabi/lib/thumb/v8-m.main+fp/hard\libcr_nohost_nf.a(__sys_write.o)

.debug_abbrev   0x00000000     0x1799
 .debug_abbrev  0x00000000      0x145 ./startup/startup_mcxn947_cm33_core0.o
 .debug_abbrev  0x00000145       0xa5 ./source/TP1.o
 .debug_abbrev  0x000001ea       0x70 Z:/apk/MCUXpressoIDE_25.6.136/ide/plugins/com.nxp.mcuxpresso.tools.win32_25.6.0.202501151204/tools/bin/../lib/gcc/arm-none-eabi/14.2.1/../../../../arm-none-eabi/lib/thumb/v8-m.main+fp/hard\libcr_nohost_nf.a(_cr__main.o)
 .debug_abbrev  0x0000025a      0x169 Z:/apk/MCUXpressoIDE_25.6.136/ide/plugins/com.nxp.mcuxpresso.tools.win32_25.6.0.202501151204/tools/bin/../lib/gcc/arm-none-eabi/14.2.1/../../../../arm-none-eabi/lib/thumb/v8-m.main+fp/hard\libcr_c.a(initio.o)
 .debug_abbrev  0x000003c3       0xe1 Z:/apk/MCUXpressoIDE_25.6.136/ide/plugins/com.nxp.mcuxpresso.tools.win32_25.6.0.202501151204/tools/bin/../lib/gcc/arm-none-eabi/14.2.1/../../../../arm-none-eabi/lib/thumb/v8-m.main+fp/hard\libcr_c.a(setvbuf.o)
 .debug_abbrev  0x000004a4      0x119 Z:/apk/MCUXpressoIDE_25.6.136/ide/plugins/com.nxp.mcuxpresso.tools.win32_25.6.0.202501151204/tools/bin/../lib/gcc/arm-none-eabi/14.2.1/../../../../arm-none-eabi/lib/thumb/v8-m.main+fp/hard\libcr_c.a(_fdopen.o)
 .debug_abbrev  0x000005bd      0x158 Z:/apk/MCUXpressoIDE_25.6.136/ide/plugins/com.nxp.mcuxpresso.tools.win32_25.6.0.202501151204/tools/bin/../lib/gcc/arm-none-eabi/14.2.1/../../../../arm-none-eabi/lib/thumb/v8-m.main+fp/hard\libcr_c.a(fclose.o)
 .debug_abbrev  0x00000715      0x125 Z:/apk/MCUXpressoIDE_25.6.136/ide/plugins/com.nxp.mcuxpresso.tools.win32_25.6.0.202501151204/tools/bin/../lib/gcc/arm-none-eabi/14.2.1/../../../../arm-none-eabi/lib/thumb/v8-m.main+fp/hard\libcr_c.a(fflush.o)
 .debug_abbrev  0x0000083a      0x11b Z:/apk/MCUXpressoIDE_25.6.136/ide/plugins/com.nxp.mcuxpresso.tools.win32_25.6.0.202501151204/tools/bin/../lib/gcc/arm-none-eabi/14.2.1/../../../../arm-none-eabi/lib/thumb/v8-m.main+fp/hard\libcr_c.a(fseek.o)
 .debug_abbrev  0x00000955       0xc2 Z:/apk/MCUXpressoIDE_25.6.136/ide/plugins/com.nxp.mcuxpresso.tools.win32_25.6.0.202501151204/tools/bin/../lib/gcc/arm-none-eabi/14.2.1/../../../../arm-none-eabi/lib/thumb/v8-m.main+fp/hard\libcr_c.a(ftell.o)
 .debug_abbrev  0x00000a17       0xfb Z:/apk/MCUXpressoIDE_25.6.136/ide/plugins/com.nxp.mcuxpresso.tools.win32_25.6.0.202501151204/tools/bin/../lib/gcc/arm-none-eabi/14.2.1/../../../../arm-none-eabi/lib/thumb/v8-m.main+fp/hard\libcr_c.a(remove.o)
 .debug_abbrev  0x00000b12       0xa7 Z:/apk/MCUXpressoIDE_25.6.136/ide/plugins/com.nxp.mcuxpresso.tools.win32_25.6.0.202501151204/tools/bin/../lib/gcc/arm-none-eabi/14.2.1/../../../../arm-none-eabi/lib/thumb/v8-m.main+fp/hard\libcr_c.a(strlen.o)
 .debug_abbrev  0x00000bb9       0xa8 Z:/apk/MCUXpressoIDE_25.6.136/ide/plugins/com.nxp.mcuxpresso.tools.win32_25.6.0.202501151204/tools/bin/../lib/gcc/arm-none-eabi/14.2.1/../../../../arm-none-eabi/lib/thumb/v8-m.main+fp/hard\libcr_c.a(memset.o)
 .debug_abbrev  0x00000c61      0x12c Z:/apk/MCUXpressoIDE_25.6.136/ide/plugins/com.nxp.mcuxpresso.tools.win32_25.6.0.202501151204/tools/bin/../lib/gcc/arm-none-eabi/14.2.1/../../../../arm-none-eabi/lib/thumb/v8-m.main+fp/hard\libcr_c.a(_do_fflush.o)
 .debug_abbrev  0x00000d8d       0xf1 Z:/apk/MCUXpressoIDE_25.6.136/ide/plugins/com.nxp.mcuxpresso.tools.win32_25.6.0.202501151204/tools/bin/../lib/gcc/arm-none-eabi/14.2.1/../../../../arm-none-eabi/lib/thumb/v8-m.main+fp/hard\libcr_c.a(_fflush.o)
 .debug_abbrev  0x00000e7e      0x126 Z:/apk/MCUXpressoIDE_25.6.136/ide/plugins/com.nxp.mcuxpresso.tools.win32_25.6.0.202501151204/tools/bin/../lib/gcc/arm-none-eabi/14.2.1/../../../../arm-none-eabi/lib/thumb/v8-m.main+fp/hard\libcr_c.a(_writebuf.o)
 .debug_abbrev  0x00000fa4      0x284 Z:/apk/MCUXpressoIDE_25.6.136/ide/plugins/com.nxp.mcuxpresso.tools.win32_25.6.0.202501151204/tools/bin/../lib/gcc/arm-none-eabi/14.2.1/../../../../arm-none-eabi/lib/thumb/v8-m.main+fp/hard\libcr_c.a(alloc.o)
 .debug_abbrev  0x00001228       0x44 Z:/apk/MCUXpressoIDE_25.6.136/ide/plugins/com.nxp.mcuxpresso.tools.win32_25.6.0.202501151204/tools/bin/../lib/gcc/arm-none-eabi/14.2.1/../../../../arm-none-eabi/lib/thumb/v8-m.main+fp/hard\libcr_c.a(errno.o)
 .debug_abbrev  0x0000126c      0x18e Z:/apk/MCUXpressoIDE_25.6.136/ide/plugins/com.nxp.mcuxpresso.tools.win32_25.6.0.202501151204/tools/bin/../lib/gcc/arm-none-eabi/14.2.1/../../../../arm-none-eabi/lib/thumb/v8-m.main+fp/hard\libcr_c.a(_deferredlazyseek.o)
 .debug_abbrev  0x000013fa       0xb5 Z:/apk/MCUXpressoIDE_25.6.136/ide/plugins/com.nxp.mcuxpresso.tools.win32_25.6.0.202501151204/tools/bin/../lib/gcc/arm-none-eabi/14.2.1/../../../../arm-none-eabi/lib/thumb/v8-m.main+fp/hard\libcr_nohost_nf.a(__ciob.o)
 .debug_abbrev  0x000014af       0x5c Z:/apk/MCUXpressoIDE_25.6.136/ide/plugins/com.nxp.mcuxpresso.tools.win32_25.6.0.202501151204/tools/bin/../lib/gcc/arm-none-eabi/14.2.1/../../../../arm-none-eabi/lib/thumb/v8-m.main+fp/hard\libcr_nohost_nf.a(__sys_close.o)
 .debug_abbrev  0x0000150b       0x5c Z:/apk/MCUXpressoIDE_25.6.136/ide/plugins/com.nxp.mcuxpresso.tools.win32_25.6.0.202501151204/tools/bin/../lib/gcc/arm-none-eabi/14.2.1/../../../../arm-none-eabi/lib/thumb/v8-m.main+fp/hard\libcr_nohost_nf.a(__sys_flen.o)
 .debug_abbrev  0x00001567       0x5c Z:/apk/MCUXpressoIDE_25.6.136/ide/plugins/com.nxp.mcuxpresso.tools.win32_25.6.0.202501151204/tools/bin/../lib/gcc/arm-none-eabi/14.2.1/../../../../arm-none-eabi/lib/thumb/v8-m.main+fp/hard\libcr_nohost_nf.a(__sys_istty.o)
 .debug_abbrev  0x000015c3       0x7d Z:/apk/MCUXpressoIDE_25.6.136/ide/plugins/com.nxp.mcuxpresso.tools.win32_25.6.0.202501151204/tools/bin/../lib/gcc/arm-none-eabi/14.2.1/../../../../arm-none-eabi/lib/thumb/v8-m.main+fp/hard\libcr_nohost_nf.a(__sys_remove.o)
 .debug_abbrev  0x00001640       0x6d Z:/apk/MCUXpressoIDE_25.6.136/ide/plugins/com.nxp.mcuxpresso.tools.win32_25.6.0.202501151204/tools/bin/../lib/gcc/arm-none-eabi/14.2.1/../../../../arm-none-eabi/lib/thumb/v8-m.main+fp/hard\libcr_nohost_nf.a(__sys_seek.o)
 .debug_abbrev  0x000016ad       0x76 Z:/apk/MCUXpressoIDE_25.6.136/ide/plugins/com.nxp.mcuxpresso.tools.win32_25.6.0.202501151204/tools/bin/../lib/gcc/arm-none-eabi/14.2.1/../../../../arm-none-eabi/lib/thumb/v8-m.main+fp/hard\libcr_nohost_nf.a(__sys_tmpnam.o)
 .debug_abbrev  0x00001723       0x76 Z:/apk/MCUXpressoIDE_25.6.136/ide/plugins/com.nxp.mcuxpresso.tools.win32_25.6.0.202501151204/tools/bin/../lib/gcc/arm-none-eabi/14.2.1/../../../../arm-none-eabi/lib/thumb/v8-m.main+fp/hard\libcr_nohost_nf.a(__sys_write.o)

.debug_loc      0x00000000     0x18c9
 .debug_loc     0x00000000      0x1f9 ./startup/startup_mcxn947_cm33_core0.o
 .debug_loc     0x000001f9       0x68 Z:/apk/MCUXpressoIDE_25.6.136/ide/plugins/com.nxp.mcuxpresso.tools.win32_25.6.0.202501151204/tools/bin/../lib/gcc/arm-none-eabi/14.2.1/../../../../arm-none-eabi/lib/thumb/v8-m.main+fp/hard\libcr_c.a(initio.o)
 .debug_loc     0x00000261      0x11e Z:/apk/MCUXpressoIDE_25.6.136/ide/plugins/com.nxp.mcuxpresso.tools.win32_25.6.0.202501151204/tools/bin/../lib/gcc/arm-none-eabi/14.2.1/../../../../arm-none-eabi/lib/thumb/v8-m.main+fp/hard\libcr_c.a(setvbuf.o)
 .debug_loc     0x0000037f      0x12d Z:/apk/MCUXpressoIDE_25.6.136/ide/plugins/com.nxp.mcuxpresso.tools.win32_25.6.0.202501151204/tools/bin/../lib/gcc/arm-none-eabi/14.2.1/../../../../arm-none-eabi/lib/thumb/v8-m.main+fp/hard\libcr_c.a(_fdopen.o)
 .debug_loc     0x000004ac       0xc2 Z:/apk/MCUXpressoIDE_25.6.136/ide/plugins/com.nxp.mcuxpresso.tools.win32_25.6.0.202501151204/tools/bin/../lib/gcc/arm-none-eabi/14.2.1/../../../../arm-none-eabi/lib/thumb/v8-m.main+fp/hard\libcr_c.a(fclose.o)
 .debug_loc     0x0000056e       0xae Z:/apk/MCUXpressoIDE_25.6.136/ide/plugins/com.nxp.mcuxpresso.tools.win32_25.6.0.202501151204/tools/bin/../lib/gcc/arm-none-eabi/14.2.1/../../../../arm-none-eabi/lib/thumb/v8-m.main+fp/hard\libcr_c.a(fflush.o)
 .debug_loc     0x0000061c      0x10a Z:/apk/MCUXpressoIDE_25.6.136/ide/plugins/com.nxp.mcuxpresso.tools.win32_25.6.0.202501151204/tools/bin/../lib/gcc/arm-none-eabi/14.2.1/../../../../arm-none-eabi/lib/thumb/v8-m.main+fp/hard\libcr_c.a(fseek.o)
 .debug_loc     0x00000726       0xb7 Z:/apk/MCUXpressoIDE_25.6.136/ide/plugins/com.nxp.mcuxpresso.tools.win32_25.6.0.202501151204/tools/bin/../lib/gcc/arm-none-eabi/14.2.1/../../../../arm-none-eabi/lib/thumb/v8-m.main+fp/hard\libcr_c.a(ftell.o)
 .debug_loc     0x000007dd       0xcd Z:/apk/MCUXpressoIDE_25.6.136/ide/plugins/com.nxp.mcuxpresso.tools.win32_25.6.0.202501151204/tools/bin/../lib/gcc/arm-none-eabi/14.2.1/../../../../arm-none-eabi/lib/thumb/v8-m.main+fp/hard\libcr_c.a(remove.o)
 .debug_loc     0x000008aa       0xf0 Z:/apk/MCUXpressoIDE_25.6.136/ide/plugins/com.nxp.mcuxpresso.tools.win32_25.6.0.202501151204/tools/bin/../lib/gcc/arm-none-eabi/14.2.1/../../../../arm-none-eabi/lib/thumb/v8-m.main+fp/hard\libcr_c.a(strlen.o)
 .debug_loc     0x0000099a       0x81 Z:/apk/MCUXpressoIDE_25.6.136/ide/plugins/com.nxp.mcuxpresso.tools.win32_25.6.0.202501151204/tools/bin/../lib/gcc/arm-none-eabi/14.2.1/../../../../arm-none-eabi/lib/thumb/v8-m.main+fp/hard\libcr_c.a(memset.o)
 .debug_loc     0x00000a1b       0x73 Z:/apk/MCUXpressoIDE_25.6.136/ide/plugins/com.nxp.mcuxpresso.tools.win32_25.6.0.202501151204/tools/bin/../lib/gcc/arm-none-eabi/14.2.1/../../../../arm-none-eabi/lib/thumb/v8-m.main+fp/hard\libcr_c.a(_do_fflush.o)
 .debug_loc     0x00000a8e       0xfa Z:/apk/MCUXpressoIDE_25.6.136/ide/plugins/com.nxp.mcuxpresso.tools.win32_25.6.0.202501151204/tools/bin/../lib/gcc/arm-none-eabi/14.2.1/../../../../arm-none-eabi/lib/thumb/v8-m.main+fp/hard\libcr_c.a(_fflush.o)
 .debug_loc     0x00000b88      0x15a Z:/apk/MCUXpressoIDE_25.6.136/ide/plugins/com.nxp.mcuxpresso.tools.win32_25.6.0.202501151204/tools/bin/../lib/gcc/arm-none-eabi/14.2.1/../../../../arm-none-eabi/lib/thumb/v8-m.main+fp/hard\libcr_c.a(_writebuf.o)
 .debug_loc     0x00000ce2      0x8a8 Z:/apk/MCUXpressoIDE_25.6.136/ide/plugins/com.nxp.mcuxpresso.tools.win32_25.6.0.202501151204/tools/bin/../lib/gcc/arm-none-eabi/14.2.1/../../../../arm-none-eabi/lib/thumb/v8-m.main+fp/hard\libcr_c.a(alloc.o)
 .debug_loc     0x0000158a      0x212 Z:/apk/MCUXpressoIDE_25.6.136/ide/plugins/com.nxp.mcuxpresso.tools.win32_25.6.0.202501151204/tools/bin/../lib/gcc/arm-none-eabi/14.2.1/../../../../arm-none-eabi/lib/thumb/v8-m.main+fp/hard\libcr_c.a(_deferredlazyseek.o)
 .debug_loc     0x0000179c       0x2b Z:/apk/MCUXpressoIDE_25.6.136/ide/plugins/com.nxp.mcuxpresso.tools.win32_25.6.0.202501151204/tools/bin/../lib/gcc/arm-none-eabi/14.2.1/../../../../arm-none-eabi/lib/thumb/v8-m.main+fp/hard\libcr_nohost_nf.a(__sys_close.o)
 .debug_loc     0x000017c7       0x2b Z:/apk/MCUXpressoIDE_25.6.136/ide/plugins/com.nxp.mcuxpresso.tools.win32_25.6.0.202501151204/tools/bin/../lib/gcc/arm-none-eabi/14.2.1/../../../../arm-none-eabi/lib/thumb/v8-m.main+fp/hard\libcr_nohost_nf.a(__sys_flen.o)
 .debug_loc     0x000017f2       0x2b Z:/apk/MCUXpressoIDE_25.6.136/ide/plugins/com.nxp.mcuxpresso.tools.win32_25.6.0.202501151204/tools/bin/../lib/gcc/arm-none-eabi/14.2.1/../../../../arm-none-eabi/lib/thumb/v8-m.main+fp/hard\libcr_nohost_nf.a(__sys_istty.o)
 .debug_loc     0x0000181d       0x2b Z:/apk/MCUXpressoIDE_25.6.136/ide/plugins/com.nxp.mcuxpresso.tools.win32_25.6.0.202501151204/tools/bin/../lib/gcc/arm-none-eabi/14.2.1/../../../../arm-none-eabi/lib/thumb/v8-m.main+fp/hard\libcr_nohost_nf.a(__sys_remove.o)
 .debug_loc     0x00001848       0x2b Z:/apk/MCUXpressoIDE_25.6.136/ide/plugins/com.nxp.mcuxpresso.tools.win32_25.6.0.202501151204/tools/bin/../lib/gcc/arm-none-eabi/14.2.1/../../../../arm-none-eabi/lib/thumb/v8-m.main+fp/hard\libcr_nohost_nf.a(__sys_seek.o)
 .debug_loc     0x00001873       0x2b Z:/apk/MCUXpressoIDE_25.6.136/ide/plugins/com.nxp.mcuxpresso.tools.win32_25.6.0.202501151204/tools/bin/../lib/gcc/arm-none-eabi/14.2.1/../../../../arm-none-eabi/lib/thumb/v8-m.main+fp/hard\libcr_nohost_nf.a(__sys_tmpnam.o)
 .debug_loc     0x0000189e       0x2b Z:/apk/MCUXpressoIDE_25.6.136/ide/plugins/com.nxp.mcuxpresso.tools.win32_25.6.0.202501151204/tools/bin/../lib/gcc/arm-none-eabi/14.2.1/../../../../arm-none-eabi/lib/thumb/v8-m.main+fp/hard\libcr_nohost_nf.a(__sys_write.o)

.debug_aranges  0x00000000      0x8d0
 .debug_aranges
                0x00000000      0x568 ./startup/startup_mcxn947_cm33_core0.o
 .debug_aranges
                0x00000568       0x20 ./source/TP1.o
 .debug_aranges
                0x00000588       0x20 Z:/apk/MCUXpressoIDE_25.6.136/ide/plugins/com.nxp.mcuxpresso.tools.win32_25.6.0.202501151204/tools/bin/../lib/gcc/arm-none-eabi/14.2.1/../../../../arm-none-eabi/lib/thumb/v8-m.main+fp/hard\libcr_nohost_nf.a(_cr__main.o)
 .debug_aranges
                0x000005a8       0x28 Z:/apk/MCUXpressoIDE_25.6.136/ide/plugins/com.nxp.mcuxpresso.tools.win32_25.6.0.202501151204/tools/bin/../lib/gcc/arm-none-eabi/14.2.1/../../../../arm-none-eabi/lib/thumb/v8-m.main+fp/hard\libcr_c.a(initio.o)
 .debug_aranges
                0x000005d0       0x20 Z:/apk/MCUXpressoIDE_25.6.136/ide/plugins/com.nxp.mcuxpresso.tools.win32_25.6.0.202501151204/tools/bin/../lib/gcc/arm-none-eabi/14.2.1/../../../../arm-none-eabi/lib/thumb/v8-m.main+fp/hard\libcr_c.a(setvbuf.o)
 .debug_aranges
                0x000005f0       0x20 Z:/apk/MCUXpressoIDE_25.6.136/ide/plugins/com.nxp.mcuxpresso.tools.win32_25.6.0.202501151204/tools/bin/../lib/gcc/arm-none-eabi/14.2.1/../../../../arm-none-eabi/lib/thumb/v8-m.main+fp/hard\libcr_c.a(_fdopen.o)
 .debug_aranges
                0x00000610       0x20 Z:/apk/MCUXpressoIDE_25.6.136/ide/plugins/com.nxp.mcuxpresso.tools.win32_25.6.0.202501151204/tools/bin/../lib/gcc/arm-none-eabi/14.2.1/../../../../arm-none-eabi/lib/thumb/v8-m.main+fp/hard\libcr_c.a(fclose.o)
 .debug_aranges
                0x00000630       0x20 Z:/apk/MCUXpressoIDE_25.6.136/ide/plugins/com.nxp.mcuxpresso.tools.win32_25.6.0.202501151204/tools/bin/../lib/gcc/arm-none-eabi/14.2.1/../../../../arm-none-eabi/lib/thumb/v8-m.main+fp/hard\libcr_c.a(fflush.o)
 .debug_aranges
                0x00000650       0x20 Z:/apk/MCUXpressoIDE_25.6.136/ide/plugins/com.nxp.mcuxpresso.tools.win32_25.6.0.202501151204/tools/bin/../lib/gcc/arm-none-eabi/14.2.1/../../../../arm-none-eabi/lib/thumb/v8-m.main+fp/hard\libcr_c.a(fseek.o)
 .debug_aranges
                0x00000670       0x20 Z:/apk/MCUXpressoIDE_25.6.136/ide/plugins/com.nxp.mcuxpresso.tools.win32_25.6.0.202501151204/tools/bin/../lib/gcc/arm-none-eabi/14.2.1/../../../../arm-none-eabi/lib/thumb/v8-m.main+fp/hard\libcr_c.a(ftell.o)
 .debug_aranges
                0x00000690       0x28 Z:/apk/MCUXpressoIDE_25.6.136/ide/plugins/com.nxp.mcuxpresso.tools.win32_25.6.0.202501151204/tools/bin/../lib/gcc/arm-none-eabi/14.2.1/../../../../arm-none-eabi/lib/thumb/v8-m.main+fp/hard\libcr_c.a(remove.o)
 .debug_aranges
                0x000006b8       0x20 Z:/apk/MCUXpressoIDE_25.6.136/ide/plugins/com.nxp.mcuxpresso.tools.win32_25.6.0.202501151204/tools/bin/../lib/gcc/arm-none-eabi/14.2.1/../../../../arm-none-eabi/lib/thumb/v8-m.main+fp/hard\libcr_c.a(strlen.o)
 .debug_aranges
                0x000006d8       0x20 Z:/apk/MCUXpressoIDE_25.6.136/ide/plugins/com.nxp.mcuxpresso.tools.win32_25.6.0.202501151204/tools/bin/../lib/gcc/arm-none-eabi/14.2.1/../../../../arm-none-eabi/lib/thumb/v8-m.main+fp/hard\libcr_c.a(memset.o)
 .debug_aranges
                0x000006f8       0x20 Z:/apk/MCUXpressoIDE_25.6.136/ide/plugins/com.nxp.mcuxpresso.tools.win32_25.6.0.202501151204/tools/bin/../lib/gcc/arm-none-eabi/14.2.1/../../../../arm-none-eabi/lib/thumb/v8-m.main+fp/hard\libcr_c.a(_do_fflush.o)
 .debug_aranges
                0x00000718       0x20 Z:/apk/MCUXpressoIDE_25.6.136/ide/plugins/com.nxp.mcuxpresso.tools.win32_25.6.0.202501151204/tools/bin/../lib/gcc/arm-none-eabi/14.2.1/../../../../arm-none-eabi/lib/thumb/v8-m.main+fp/hard\libcr_c.a(_fflush.o)
 .debug_aranges
                0x00000738       0x20 Z:/apk/MCUXpressoIDE_25.6.136/ide/plugins/com.nxp.mcuxpresso.tools.win32_25.6.0.202501151204/tools/bin/../lib/gcc/arm-none-eabi/14.2.1/../../../../arm-none-eabi/lib/thumb/v8-m.main+fp/hard\libcr_c.a(_writebuf.o)
 .debug_aranges
                0x00000758       0x40 Z:/apk/MCUXpressoIDE_25.6.136/ide/plugins/com.nxp.mcuxpresso.tools.win32_25.6.0.202501151204/tools/bin/../lib/gcc/arm-none-eabi/14.2.1/../../../../arm-none-eabi/lib/thumb/v8-m.main+fp/hard\libcr_c.a(alloc.o)
 .debug_aranges
                0x00000798       0x18 Z:/apk/MCUXpressoIDE_25.6.136/ide/plugins/com.nxp.mcuxpresso.tools.win32_25.6.0.202501151204/tools/bin/../lib/gcc/arm-none-eabi/14.2.1/../../../../arm-none-eabi/lib/thumb/v8-m.main+fp/hard\libcr_c.a(errno.o)
 .debug_aranges
                0x000007b0       0x28 Z:/apk/MCUXpressoIDE_25.6.136/ide/plugins/com.nxp.mcuxpresso.tools.win32_25.6.0.202501151204/tools/bin/../lib/gcc/arm-none-eabi/14.2.1/../../../../arm-none-eabi/lib/thumb/v8-m.main+fp/hard\libcr_c.a(_deferredlazyseek.o)
 .debug_aranges
                0x000007d8       0x18 Z:/apk/MCUXpressoIDE_25.6.136/ide/plugins/com.nxp.mcuxpresso.tools.win32_25.6.0.202501151204/tools/bin/../lib/gcc/arm-none-eabi/14.2.1/../../../../arm-none-eabi/lib/thumb/v8-m.main+fp/hard\libcr_nohost_nf.a(__ciob.o)
 .debug_aranges
                0x000007f0       0x20 Z:/apk/MCUXpressoIDE_25.6.136/ide/plugins/com.nxp.mcuxpresso.tools.win32_25.6.0.202501151204/tools/bin/../lib/gcc/arm-none-eabi/14.2.1/../../../../arm-none-eabi/lib/thumb/v8-m.main+fp/hard\libcr_nohost_nf.a(__sys_close.o)
 .debug_aranges
                0x00000810       0x20 Z:/apk/MCUXpressoIDE_25.6.136/ide/plugins/com.nxp.mcuxpresso.tools.win32_25.6.0.202501151204/tools/bin/../lib/gcc/arm-none-eabi/14.2.1/../../../../arm-none-eabi/lib/thumb/v8-m.main+fp/hard\libcr_nohost_nf.a(__sys_flen.o)
 .debug_aranges
                0x00000830       0x20 Z:/apk/MCUXpressoIDE_25.6.136/ide/plugins/com.nxp.mcuxpresso.tools.win32_25.6.0.202501151204/tools/bin/../lib/gcc/arm-none-eabi/14.2.1/../../../../arm-none-eabi/lib/thumb/v8-m.main+fp/hard\libcr_nohost_nf.a(__sys_istty.o)
 .debug_aranges
                0x00000850       0x20 Z:/apk/MCUXpressoIDE_25.6.136/ide/plugins/com.nxp.mcuxpresso.tools.win32_25.6.0.202501151204/tools/bin/../lib/gcc/arm-none-eabi/14.2.1/../../../../arm-none-eabi/lib/thumb/v8-m.main+fp/hard\libcr_nohost_nf.a(__sys_remove.o)
 .debug_aranges
                0x00000870       0x20 Z:/apk/MCUXpressoIDE_25.6.136/ide/plugins/com.nxp.mcuxpresso.tools.win32_25.6.0.202501151204/tools/bin/../lib/gcc/arm-none-eabi/14.2.1/../../../../arm-none-eabi/lib/thumb/v8-m.main+fp/hard\libcr_nohost_nf.a(__sys_seek.o)
 .debug_aranges
                0x00000890       0x20 Z:/apk/MCUXpressoIDE_25.6.136/ide/plugins/com.nxp.mcuxpresso.tools.win32_25.6.0.202501151204/tools/bin/../lib/gcc/arm-none-eabi/14.2.1/../../../../arm-none-eabi/lib/thumb/v8-m.main+fp/hard\libcr_nohost_nf.a(__sys_tmpnam.o)
 .debug_aranges
                0x000008b0       0x20 Z:/apk/MCUXpressoIDE_25.6.136/ide/plugins/com.nxp.mcuxpresso.tools.win32_25.6.0.202501151204/tools/bin/../lib/gcc/arm-none-eabi/14.2.1/../../../../arm-none-eabi/lib/thumb/v8-m.main+fp/hard\libcr_nohost_nf.a(__sys_write.o)

.debug_ranges   0x00000000      0x770
 .debug_ranges  0x00000000      0x558 ./startup/startup_mcxn947_cm33_core0.o
 .debug_ranges  0x00000558       0x10 ./source/TP1.o
 .debug_ranges  0x00000568       0x10 Z:/apk/MCUXpressoIDE_25.6.136/ide/plugins/com.nxp.mcuxpresso.tools.win32_25.6.0.202501151204/tools/bin/../lib/gcc/arm-none-eabi/14.2.1/../../../../arm-none-eabi/lib/thumb/v8-m.main+fp/hard\libcr_nohost_nf.a(_cr__main.o)
 .debug_ranges  0x00000578       0x18 Z:/apk/MCUXpressoIDE_25.6.136/ide/plugins/com.nxp.mcuxpresso.tools.win32_25.6.0.202501151204/tools/bin/../lib/gcc/arm-none-eabi/14.2.1/../../../../arm-none-eabi/lib/thumb/v8-m.main+fp/hard\libcr_c.a(initio.o)
 .debug_ranges  0x00000590       0x10 Z:/apk/MCUXpressoIDE_25.6.136/ide/plugins/com.nxp.mcuxpresso.tools.win32_25.6.0.202501151204/tools/bin/../lib/gcc/arm-none-eabi/14.2.1/../../../../arm-none-eabi/lib/thumb/v8-m.main+fp/hard\libcr_c.a(setvbuf.o)
 .debug_ranges  0x000005a0       0x10 Z:/apk/MCUXpressoIDE_25.6.136/ide/plugins/com.nxp.mcuxpresso.tools.win32_25.6.0.202501151204/tools/bin/../lib/gcc/arm-none-eabi/14.2.1/../../../../arm-none-eabi/lib/thumb/v8-m.main+fp/hard\libcr_c.a(_fdopen.o)
 .debug_ranges  0x000005b0       0x10 Z:/apk/MCUXpressoIDE_25.6.136/ide/plugins/com.nxp.mcuxpresso.tools.win32_25.6.0.202501151204/tools/bin/../lib/gcc/arm-none-eabi/14.2.1/../../../../arm-none-eabi/lib/thumb/v8-m.main+fp/hard\libcr_c.a(fclose.o)
 .debug_ranges  0x000005c0       0x28 Z:/apk/MCUXpressoIDE_25.6.136/ide/plugins/com.nxp.mcuxpresso.tools.win32_25.6.0.202501151204/tools/bin/../lib/gcc/arm-none-eabi/14.2.1/../../../../arm-none-eabi/lib/thumb/v8-m.main+fp/hard\libcr_c.a(fflush.o)
 .debug_ranges  0x000005e8       0x10 Z:/apk/MCUXpressoIDE_25.6.136/ide/plugins/com.nxp.mcuxpresso.tools.win32_25.6.0.202501151204/tools/bin/../lib/gcc/arm-none-eabi/14.2.1/../../../../arm-none-eabi/lib/thumb/v8-m.main+fp/hard\libcr_c.a(fseek.o)
 .debug_ranges  0x000005f8       0x10 Z:/apk/MCUXpressoIDE_25.6.136/ide/plugins/com.nxp.mcuxpresso.tools.win32_25.6.0.202501151204/tools/bin/../lib/gcc/arm-none-eabi/14.2.1/../../../../arm-none-eabi/lib/thumb/v8-m.main+fp/hard\libcr_c.a(ftell.o)
 .debug_ranges  0x00000608       0x18 Z:/apk/MCUXpressoIDE_25.6.136/ide/plugins/com.nxp.mcuxpresso.tools.win32_25.6.0.202501151204/tools/bin/../lib/gcc/arm-none-eabi/14.2.1/../../../../arm-none-eabi/lib/thumb/v8-m.main+fp/hard\libcr_c.a(remove.o)
 .debug_ranges  0x00000620       0x10 Z:/apk/MCUXpressoIDE_25.6.136/ide/plugins/com.nxp.mcuxpresso.tools.win32_25.6.0.202501151204/tools/bin/../lib/gcc/arm-none-eabi/14.2.1/../../../../arm-none-eabi/lib/thumb/v8-m.main+fp/hard\libcr_c.a(strlen.o)
 .debug_ranges  0x00000630       0x10 Z:/apk/MCUXpressoIDE_25.6.136/ide/plugins/com.nxp.mcuxpresso.tools.win32_25.6.0.202501151204/tools/bin/../lib/gcc/arm-none-eabi/14.2.1/../../../../arm-none-eabi/lib/thumb/v8-m.main+fp/hard\libcr_c.a(memset.o)
 .debug_ranges  0x00000640       0x28 Z:/apk/MCUXpressoIDE_25.6.136/ide/plugins/com.nxp.mcuxpresso.tools.win32_25.6.0.202501151204/tools/bin/../lib/gcc/arm-none-eabi/14.2.1/../../../../arm-none-eabi/lib/thumb/v8-m.main+fp/hard\libcr_c.a(_do_fflush.o)
 .debug_ranges  0x00000668       0x10 Z:/apk/MCUXpressoIDE_25.6.136/ide/plugins/com.nxp.mcuxpresso.tools.win32_25.6.0.202501151204/tools/bin/../lib/gcc/arm-none-eabi/14.2.1/../../../../arm-none-eabi/lib/thumb/v8-m.main+fp/hard\libcr_c.a(_fflush.o)
 .debug_ranges  0x00000678       0x10 Z:/apk/MCUXpressoIDE_25.6.136/ide/plugins/com.nxp.mcuxpresso.tools.win32_25.6.0.202501151204/tools/bin/../lib/gcc/arm-none-eabi/14.2.1/../../../../arm-none-eabi/lib/thumb/v8-m.main+fp/hard\libcr_c.a(_writebuf.o)
 .debug_ranges  0x00000688       0x48 Z:/apk/MCUXpressoIDE_25.6.136/ide/plugins/com.nxp.mcuxpresso.tools.win32_25.6.0.202501151204/tools/bin/../lib/gcc/arm-none-eabi/14.2.1/../../../../arm-none-eabi/lib/thumb/v8-m.main+fp/hard\libcr_c.a(alloc.o)
 .debug_ranges  0x000006d0       0x30 Z:/apk/MCUXpressoIDE_25.6.136/ide/plugins/com.nxp.mcuxpresso.tools.win32_25.6.0.202501151204/tools/bin/../lib/gcc/arm-none-eabi/14.2.1/../../../../arm-none-eabi/lib/thumb/v8-m.main+fp/hard\libcr_c.a(_deferredlazyseek.o)
 .debug_ranges  0x00000700       0x10 Z:/apk/MCUXpressoIDE_25.6.136/ide/plugins/com.nxp.mcuxpresso.tools.win32_25.6.0.202501151204/tools/bin/../lib/gcc/arm-none-eabi/14.2.1/../../../../arm-none-eabi/lib/thumb/v8-m.main+fp/hard\libcr_nohost_nf.a(__sys_close.o)